[0.003s][warning][logging] No tag set matches selection: semeru+mem_compact. Did you mean any of the following? semeru* semeru+alloc semeru+rdma
[0.003s][warning][logging] No tag set matches selection: semeru+mem_trace. Did you mean any of the following? semeru* semeru+alloc semeru+rdma
[0.004s][warning][gc     ] -XX:+PrintGCDetails is deprecated. Will use -Xlog:gc* instead.
[0.006s][info   ][gc     ] Consider -XX:+ClassUnloadingWithConcurrentMark if large pause times are observed on class-unloading sensitive workloads
[0.010s][info   ][gc,init] Regions: 1024 x 32768K
[0.010s][info   ][gc,init] Humongous object threshold: 32768K
[0.010s][info   ][gc,init] Max TLAB size: 512K
[0.010s][info   ][gc,init] GC threads: 32 parallel, 32 concurrent
[0.010s][info   ][gc,init] Reference processing: parallel
[0.011s][info   ][gc     ] Heuristics ergonomically sets -XX:+ExplicitGCInvokesConcurrent
[0.011s][info   ][gc     ] Heuristics ergonomically sets -XX:+ShenandoahImplicitGCInvokesConcurrent
[0.011s][info   ][gc,init] Shenandoah heuristics: adaptive
[0.011s][debug  ][heap   ] reserve_semeru_memory_pool, Try to request memory 0xa00000000 from OS at 0x2000000 alignment. 

[0.011s][info   ][heap   ] Successfully allocated Java heap at location 0x400000000000
[0.011s][info   ][semeru ] reserve_semeru_memory_pool, Reset swap out array for range [0x400200000000, 0x400a00000000)

[14.864s][debug  ][semeru ] after commit and memset all rdma structure space, size: 0x48000000
range of heap: 0x400200000000 to 0x400a00000000
[14.865s][debug  ][semeru,rdma] Reset bitmap server 0: 0x400000000000, byte_size: 0x20000000
[14.865s][debug  ][semeru     ] _alive_table: 0x400032b00000
[14.869s][info   ][gc,init    ] Pretouch heap: 1024 regions, 4096 bytes page
[14.870s][info   ][gc,init    ] Initialize Shenandoah heap: 32768M initial, 32768M min, 32768M max
[14.870s][info   ][gc,init    ] Safepointing mechanism: thread-local poll
[14.870s][info   ][gc         ] Using Shenandoah
Using scaled threading model. 16 processors detected, 16 threads used to drive the workload, in a possible range of [1,8192]
Booting Geronimo Kernel (in Java 13-internal)...
Geronimo startup complete
Resetting database and populating with 1098 stocks...
Populating database with 12288 users...
[52.407s][info   ][gc         ] Trigger: Learning 1 of 5. Free (22282M) is below initial threshold (22282M)
[52.407s][info   ][gc,ergo    ] Free: 22282M (697 regions), Max regular: 32768K, Max humongous: 22806528K, External frag: 1%, Internal frag: 0%
[52.407s][info   ][gc,ergo    ] Evacuation Reserve: 2976M (93 regions), Max regular: 32768K
[52.407s][info   ][gc,start   ] GC(0) Concurrent reset
[52.407s][info   ][gc,task    ] GC(0) Using 32 of 32 workers for concurrent reset
[52.407s][info   ][gc         ] GC(0) Concurrent reset 7510M->7510M(32768M) 0.408ms
[52.408s][info   ][gc,start   ] GC(0) Pause Init Mark
[52.408s][info   ][gc,task    ] GC(0) Using 32 of 32 workers for init marking
[52.425s][debug  ][semeru     ] Pause Time for mark roots: 15.653965 ms
[54.127s][debug  ][semeru,rdma] Flushed regions structures to mem servers.
[54.130s][debug  ][semeru,rdma] rootobjqueue start_addr: 0x400030b00000, size: 0x1000000, root_object_queue: 0x400030b01000
[54.130s][debug  ][semeru     ] Root Object Queue Len: 20108
[54.130s][debug  ][semeru,rdma] cpu server flags _should_start_tracing 1
[54.130s][debug  ][semeru,rdma] cpu server flags _tracing_all_finished 0
[54.231s][debug  ][semeru,rdma] cpu server flags start_addr: 0x400030801000, size: 0x6
[54.231s][debug  ][semeru,rdma] cpu server flags _tracing_all_finished 0
[54.322s][debug  ][semeru     ] Memory Server Finishes Marking!
[54.322s][info   ][gc         ] GC(0) Pause Init Mark 1913.464ms
[54.322s][debug  ][semeru     ] CPU Server Finishes Initial Marking!
[54.322s][debug  ][semeru     ] Memory Server Finishes Marking!
[54.322s][debug  ][semeru     ] Memory Server Finishes PreClean!
[54.322s][debug  ][semeru,rdma] Read server: 0 bitmap: 0x400000000000, byte_size: 0x20000000
[54.460s][debug  ][semeru,rdma] Read server: 0 alive_table: 0x400032b00000, byte_size: 0x10000000
[54.528s][info   ][gc,start   ] GC(0) Pause Final Mark
[54.528s][info   ][gc,task    ] GC(0) Using 32 of 32 workers for final marking
[54.528s][debug  ][semeru     ] Pause Time for clear trace buffer: 0.000207 ms
[54.528s][debug  ][semeru,rdma] after clear traced buffer
[54.528s][debug  ][semeru     ] Pause Time for finish marking: 0.008550 ms
[54.528s][debug  ][semeru     ] increase region: 0xea words: 0x130000
[54.528s][debug  ][semeru     ] increase region: 0xeb words: 0x400000
[54.528s][debug  ][semeru     ] increase region: 0xec words: 0x400000
[54.528s][debug  ][semeru     ] increase region: 0xed words: 0x1f0000
[54.528s][debug  ][semeru     ] Pause Time for complete liveness: 0.064517 ms
[54.528s][debug  ][semeru     ] Pause Time for retire labs: 0.096595 ms
[54.528s][debug  ][semeru     ] Pause Time for rebuild free set: 0.051020 ms
[54.528s][info   ][gc,ergo    ] GC(0) Adaptive CSet Selection. Target Free: 5898M, Actual Free: 25152M, Max CSet: 2457M, Min Garbage: 0M
[54.533s][info   ][gc,ergo    ] GC(0) Collectable Garbage: 7380M (99% of total), 107M CSet, 234 CSet regions
[54.533s][info   ][gc,ergo    ] GC(0) Immediate Garbage: 0M (0% of total), 0 regions
[54.533s][debug  ][semeru     ] Pause Time for choose cset: 5.499439 ms
[54.534s][debug  ][semeru     ] Pause Time for add collectionset: 0.037154 ms
[54.534s][debug  ][semeru     ] Pause Time before evacuate roots: 0.023862 ms
[54.547s][debug  ][semeru     ] Pause Time during evacuate roots: 13.571948 ms
[54.547s][debug  ][semeru     ] Pause Time after evacuate roots: 0.031325 ms
[54.547s][debug  ][semeru     ] Total Pause Time: 19.383729 ms
[54.708s][debug  ][semeru     ] Pause Time for update roots: 160.311478 ms
[54.708s][debug  ][semeru     ] Finish update roots!
[54.774s][debug  ][semeru,rdma] Flushed collection set to mem servers.
[56.449s][debug  ][semeru,rdma] Flushed regions in collection set to mem servers.
[56.449s][debug  ][semeru,rdma] Write server: 0 bitmap: 0x400000000000, byte_size: 0x20000000
[56.563s][debug  ][semeru,rdma] cpu server flags start_addr: 0x400030801000, size: 0x1000
[56.563s][info   ][gc         ] GC(0) Pause Final Mark 2035.329ms
[56.563s][debug  ][semeru     ] CPU Server Finishes Final Marking!
[56.563s][info   ][gc,start   ] GC(0) Concurrent evacuation
[56.563s][info   ][gc,task    ] GC(0) Using 32 of 32 workers for concurrent evacuation
[56.654s][info   ][gc         ] GC(0) Concurrent evacuation 7717M->7717M(32768M) 90.922ms
[56.654s][debug  ][semeru     ] Finish Evac Local!
[56.664s][debug  ][semeru     ] Finish Evac Remote!
[56.664s][debug  ][semeru     ] _evacuation_finished: 1
[57.166s][info   ][gc,start   ] GC(0) Pause Final Evac
HEAP used: 0x1e2505030, calc_used: 0x1e2505030
[57.166s][debug  ][semeru     ] WholeHeapAlive: 229 MB
[57.166s][info   ][gc         ] GC(0) Pause Final Evac 0.427ms
[57.167s][info   ][gc,start   ] GC(0) Concurrent cleanup
[57.167s][info   ][gc         ] GC(0) Concurrent cleanup 7690M->274M(32768M) 0.210ms
[57.167s][info   ][gc,ergo    ] GC(0) Free: 29516M (927 regions), Max regular: 32768K, Max humongous: 22577152K, External frag: 26%, Internal frag: 0%
[57.167s][info   ][gc,ergo    ] GC(0) Evacuation Reserve: 2976M (93 regions), Max regular: 32768K
[57.167s][info   ][gc,ergo    ] Free: 29514M (927 regions), Max regular: 32768K, Max humongous: 22577152K, External frag: 26%, Internal frag: 0%
[57.167s][info   ][gc,ergo    ] Evacuation Reserve: 2976M (93 regions), Max regular: 32768K
[73.992s][info   ][gc         ] Trigger: Learning 2 of 5. Free (22281M) is below initial threshold (22282M)
[73.992s][info   ][gc,ergo    ] Free: 22281M (701 regions), Max regular: 32768K, Max humongous: 22577152K, External frag: 2%, Internal frag: 0%
[73.992s][info   ][gc,ergo    ] Evacuation Reserve: 2976M (93 regions), Max regular: 32768K
[73.992s][info   ][gc,start   ] GC(1) Concurrent reset
[73.992s][info   ][gc,task    ] GC(1) Using 32 of 32 workers for concurrent reset
[74.002s][info   ][gc         ] GC(1) Concurrent reset 7510M->7513M(32768M) 9.575ms
[74.003s][info   ][gc,start   ] GC(1) Pause Init Mark
[74.003s][info   ][gc,task    ] GC(1) Using 32 of 32 workers for init marking
[74.006s][debug  ][semeru     ] Pause Time for mark roots: 3.116680 ms
[75.734s][debug  ][semeru,rdma] Flushed regions structures to mem servers.
[75.737s][debug  ][semeru,rdma] rootobjqueue start_addr: 0x400030b00000, size: 0x1000000, root_object_queue: 0x400030b01000
[75.737s][debug  ][semeru     ] Root Object Queue Len: 20065
[75.737s][debug  ][semeru,rdma] cpu server flags _should_start_tracing 1
[75.737s][debug  ][semeru,rdma] cpu server flags _tracing_all_finished 0
[75.838s][debug  ][semeru,rdma] cpu server flags start_addr: 0x400030801000, size: 0x6
[75.838s][debug  ][semeru,rdma] cpu server flags _tracing_all_finished 0
[75.949s][debug  ][semeru     ] Memory Server Finishes Marking!
[75.949s][info   ][gc         ] GC(1) Pause Init Mark 1946.485ms
[75.950s][debug  ][semeru     ] CPU Server Finishes Initial Marking!
[75.950s][debug  ][semeru     ] Memory Server Finishes Marking!
[75.950s][debug  ][semeru     ] Memory Server Finishes PreClean!
[75.950s][debug  ][semeru,rdma] Read server: 0 bitmap: 0x400000000000, byte_size: 0x20000000
[76.083s][debug  ][semeru,rdma] Read server: 0 alive_table: 0x400032b00000, byte_size: 0x10000000
[76.152s][info   ][gc,start   ] GC(1) Pause Final Mark
[76.152s][info   ][gc,task    ] GC(1) Using 32 of 32 workers for final marking
[76.152s][debug  ][semeru     ] Pause Time for clear trace buffer: 0.000209 ms
[76.152s][debug  ][semeru,rdma] after clear traced buffer
[76.152s][debug  ][semeru     ] Pause Time for finish marking: 0.004369 ms
[76.152s][debug  ][semeru     ] increase region: 0xe3 words: 0x16d359
[76.152s][debug  ][semeru     ] increase region: 0xe4 words: 0x400000
[76.152s][debug  ][semeru     ] increase region: 0xe5 words: 0x400000
[76.152s][debug  ][semeru     ] increase region: 0xe6 words: 0x400000
[76.152s][debug  ][semeru     ] increase region: 0xe7 words: 0x3598ab
[76.152s][debug  ][semeru     ] Pause Time for complete liveness: 0.045826 ms
[76.152s][debug  ][semeru     ] Pause Time for retire labs: 0.096367 ms
[76.152s][debug  ][semeru     ] Pause Time for rebuild free set: 0.040640 ms
[76.152s][info   ][gc,ergo    ] GC(1) Adaptive CSet Selection. Target Free: 5898M, Actual Free: 25120M, Max CSet: 2457M, Min Garbage: 0M
[76.156s][info   ][gc,ergo    ] GC(1) Collectable Garbage: 7270M (98% of total), 57M CSet, 229 CSet regions
[76.156s][info   ][gc,ergo    ] GC(1) Immediate Garbage: 32M (0% of total), 1 regions
[76.156s][debug  ][semeru     ] Pause Time for choose cset: 4.476888 ms
[76.157s][debug  ][semeru     ] Pause Time for add collectionset: 0.025586 ms
[76.157s][debug  ][semeru     ] Pause Time before evacuate roots: 0.016814 ms
[76.170s][debug  ][semeru     ] Pause Time during evacuate roots: 13.277738 ms
[76.170s][debug  ][semeru     ] Pause Time after evacuate roots: 0.020440 ms
[76.170s][debug  ][semeru     ] Total Pause Time: 18.004301 ms
[76.172s][debug  ][semeru     ] Pause Time for update roots: 2.559582 ms
[76.172s][debug  ][semeru     ] Finish update roots!
[76.238s][debug  ][semeru,rdma] Flushed collection set to mem servers.
[77.874s][debug  ][semeru,rdma] Flushed regions in collection set to mem servers.
[77.874s][debug  ][semeru,rdma] Write server: 0 bitmap: 0x400000000000, byte_size: 0x20000000
[77.989s][debug  ][semeru,rdma] cpu server flags start_addr: 0x400030801000, size: 0x1000
[77.989s][info   ][gc         ] GC(1) Pause Final Mark 1836.898ms
[77.989s][debug  ][semeru     ] CPU Server Finishes Final Marking!
[77.989s][info   ][gc,start   ] GC(1) Concurrent evacuation
[77.989s][info   ][gc,task    ] GC(1) Using 32 of 32 workers for concurrent evacuation
[78.261s][info   ][gc         ] GC(1) Concurrent evacuation 7707M->7707M(32768M) 271.959ms
[78.261s][debug  ][semeru     ] Finish Evac Local!
[78.261s][debug  ][semeru     ] Finish Evac Remote!
[78.261s][debug  ][semeru     ] _evacuation_finished: 1
[78.762s][info   ][gc,start   ] GC(1) Pause Final Evac
HEAP used: 0x1e1bcc050, calc_used: 0x1e1bcc050
[78.762s][debug  ][semeru     ] WholeHeapAlive: 347 MB
[78.762s][info   ][gc         ] GC(1) Pause Final Evac 0.386ms
[78.762s][info   ][gc,start   ] GC(1) Concurrent cleanup
[78.762s][info   ][gc         ] GC(1) Concurrent cleanup 7707M->347M(32768M) 0.165ms
[78.763s][info   ][gc,ergo    ] GC(1) Free: 29444M (928 regions), Max regular: 32768K, Max humongous: 22511616K, External frag: 26%, Internal frag: 0%
[78.763s][info   ][gc,ergo    ] GC(1) Evacuation Reserve: 2976M (93 regions), Max regular: 32768K
[78.763s][info   ][gc,ergo    ] Free: 29444M (928 regions), Max regular: 32768K, Max humongous: 22511616K, External frag: 26%, Internal frag: 0%
[78.763s][info   ][gc,ergo    ] Evacuation Reserve: 2976M (93 regions), Max regular: 32768K
[95.101s][info   ][gc         ] Trigger: Learning 3 of 5. Free (22281M) is below initial threshold (22282M)
[95.101s][info   ][gc,ergo    ] Free: 22281M (705 regions), Max regular: 32768K, Max humongous: 22511616K, External frag: 2%, Internal frag: 1%
[95.101s][info   ][gc,ergo    ] Evacuation Reserve: 2976M (93 regions), Max regular: 32768K
[95.101s][info   ][gc,start   ] GC(2) Concurrent reset
[95.101s][info   ][gc,task    ] GC(2) Using 32 of 32 workers for concurrent reset
[95.110s][info   ][gc         ] GC(2) Concurrent reset 7509M->7512M(32768M) 9.115ms
[95.111s][info   ][gc,start   ] GC(2) Pause Init Mark
[95.111s][info   ][gc,task    ] GC(2) Using 32 of 32 workers for init marking
[95.114s][debug  ][semeru     ] Pause Time for mark roots: 3.226203 ms
[96.866s][debug  ][semeru,rdma] Flushed regions structures to mem servers.
[96.869s][debug  ][semeru,rdma] rootobjqueue start_addr: 0x400030b00000, size: 0x1000000, root_object_queue: 0x400030b01000
[96.869s][debug  ][semeru     ] Root Object Queue Len: 20066
[96.869s][debug  ][semeru,rdma] cpu server flags _should_start_tracing 1
[96.869s][debug  ][semeru,rdma] cpu server flags _tracing_all_finished 0
[96.970s][debug  ][semeru,rdma] cpu server flags start_addr: 0x400030801000, size: 0x6
[96.970s][debug  ][semeru,rdma] cpu server flags _tracing_all_finished 0
[97.091s][debug  ][semeru     ] Memory Server Finishes Marking!
[97.091s][info   ][gc         ] GC(2) Pause Init Mark 1980.151ms
[97.092s][debug  ][semeru     ] CPU Server Finishes Initial Marking!
[97.092s][debug  ][semeru     ] Memory Server Finishes Marking!
[97.092s][debug  ][semeru     ] Memory Server Finishes PreClean!
[97.092s][debug  ][semeru,rdma] Read server: 0 bitmap: 0x400000000000, byte_size: 0x20000000
[97.224s][debug  ][semeru,rdma] Read server: 0 alive_table: 0x400032b00000, byte_size: 0x10000000
[97.292s][info   ][gc,start   ] GC(2) Pause Final Mark
[97.293s][info   ][gc,task    ] GC(2) Using 32 of 32 workers for final marking
[97.293s][debug  ][semeru     ] Pause Time for clear trace buffer: 0.000189 ms
[97.293s][debug  ][semeru,rdma] after clear traced buffer
[97.293s][debug  ][semeru     ] Pause Time for finish marking: 0.003458 ms
[97.293s][debug  ][semeru     ] increase region: 0xdf words: 0x4f12d
[97.293s][debug  ][semeru     ] increase region: 0xe0 words: 0x3f4242
[97.293s][debug  ][semeru     ] increase region: 0xe1 words: 0x400000
[97.293s][debug  ][semeru     ] increase region: 0xe2 words: 0x400000
[97.293s][debug  ][semeru     ] increase region: 0xe3 words: 0x2ca7
[97.293s][debug  ][semeru     ] increase region: 0xe7 words: 0xa6755
[97.293s][debug  ][semeru     ] increase region: 0xe8 words: 0x400000
[97.293s][debug  ][semeru     ] increase region: 0xe9 words: 0x3f426
[97.293s][debug  ][semeru     ] Pause Time for complete liveness: 0.074899 ms
[97.293s][debug  ][semeru     ] Pause Time for retire labs: 0.074660 ms
[97.293s][debug  ][semeru     ] Pause Time for rebuild free set: 0.036105 ms
[97.293s][info   ][gc,ergo    ] GC(2) Adaptive CSet Selection. Target Free: 5898M, Actual Free: 25056M, Max CSet: 2457M, Min Garbage: 0M
[97.296s][info   ][gc,ergo    ] GC(2) Collectable Garbage: 7173M (98% of total), 58M CSet, 226 CSet regions
[97.296s][info   ][gc,ergo    ] GC(2) Immediate Garbage: 0M (0% of total), 0 regions
[97.296s][debug  ][semeru     ] Pause Time for choose cset: 3.452621 ms
[97.296s][debug  ][semeru     ] Pause Time for add collectionset: 0.020310 ms
[97.296s][debug  ][semeru     ] Pause Time before evacuate roots: 0.016189 ms
[97.308s][debug  ][semeru     ] Pause Time during evacuate roots: 11.586314 ms
[97.308s][debug  ][semeru     ] Pause Time after evacuate roots: 0.018402 ms
[97.308s][debug  ][semeru     ] Total Pause Time: 15.282581 ms
[97.310s][debug  ][semeru     ] Pause Time for update roots: 2.366446 ms
[97.310s][debug  ][semeru     ] Finish update roots!
[97.376s][debug  ][semeru,rdma] Flushed collection set to mem servers.
[98.993s][debug  ][semeru,rdma] Flushed regions in collection set to mem servers.
[98.993s][debug  ][semeru,rdma] Write server: 0 bitmap: 0x400000000000, byte_size: 0x20000000
[99.107s][debug  ][semeru,rdma] cpu server flags start_addr: 0x400030801000, size: 0x1000
[99.107s][info   ][gc         ] GC(2) Pause Final Mark 1814.754ms
[99.108s][debug  ][semeru     ] CPU Server Finishes Final Marking!
[99.108s][info   ][gc,start   ] GC(2) Concurrent evacuation
[99.108s][info   ][gc,task    ] GC(2) Using 32 of 32 workers for concurrent evacuation
[99.208s][info   ][gc         ] GC(2) Concurrent evacuation 7710M->7710M(32768M) 100.051ms
[99.208s][debug  ][semeru     ] Finish Evac Local!
[99.208s][debug  ][semeru     ] Finish Evac Remote!
[99.208s][debug  ][semeru     ] _evacuation_finished: 1
[99.709s][info   ][gc,start   ] GC(2) Pause Final Evac
HEAP used: 0x1e1e00cb8, calc_used: 0x1e1e00cb8
[99.710s][debug  ][semeru     ] WholeHeapAlive: 478 MB
[99.710s][info   ][gc         ] GC(2) Pause Final Evac 0.513ms
[99.710s][info   ][gc,start   ] GC(2) Concurrent cleanup
[99.710s][info   ][gc         ] GC(2) Concurrent cleanup 7700M->502M(32768M) 0.141ms
[99.710s][info   ][gc,ergo    ] GC(2) Free: 29289M (926 regions), Max regular: 32768K, Max humongous: 22446080K, External frag: 26%, Internal frag: 1%
[99.710s][info   ][gc,ergo    ] GC(2) Evacuation Reserve: 2976M (93 regions), Max regular: 32768K
[99.711s][info   ][gc,ergo    ] Free: 29288M (926 regions), Max regular: 32768K, Max humongous: 22446080K, External frag: 26%, Internal frag: 1%
[99.711s][info   ][gc,ergo    ] Evacuation Reserve: 2976M (93 regions), Max regular: 32768K
[115.750s][info   ][gc         ] Trigger: Learning 4 of 5. Free (22281M) is below initial threshold (22282M)
[115.751s][info   ][gc,ergo    ] Free: 22281M (707 regions), Max regular: 32768K, Max humongous: 22446080K, External frag: 2%, Internal frag: 1%
[115.751s][info   ][gc,ergo    ] Evacuation Reserve: 2976M (93 regions), Max regular: 32768K
[115.751s][info   ][gc,start   ] GC(3) Concurrent reset
[115.751s][info   ][gc,task    ] GC(3) Using 32 of 32 workers for concurrent reset
[115.760s][info   ][gc         ] GC(3) Concurrent reset 7509M->7515M(32768M) 9.698ms
[115.762s][info   ][gc,start   ] GC(3) Pause Init Mark
[115.762s][info   ][gc,task    ] GC(3) Using 32 of 32 workers for init marking
[115.766s][debug  ][semeru     ] Pause Time for mark roots: 3.553839 ms
[117.567s][debug  ][semeru,rdma] Flushed regions structures to mem servers.
[117.571s][debug  ][semeru,rdma] rootobjqueue start_addr: 0x400030b00000, size: 0x1000000, root_object_queue: 0x400030b01000
[117.571s][debug  ][semeru     ] Root Object Queue Len: 20072
[117.571s][debug  ][semeru,rdma] cpu server flags _should_start_tracing 1
[117.571s][debug  ][semeru,rdma] cpu server flags _tracing_all_finished 0
[117.671s][debug  ][semeru,rdma] cpu server flags start_addr: 0x400030801000, size: 0x6
[117.671s][debug  ][semeru,rdma] cpu server flags _tracing_all_finished 0
[117.813s][debug  ][semeru     ] Memory Server Finishes Marking!
[117.813s][info   ][gc         ] GC(3) Pause Init Mark 2050.626ms
[117.813s][debug  ][semeru     ] CPU Server Finishes Initial Marking!
[117.813s][debug  ][semeru     ] Memory Server Finishes Marking!
[117.813s][debug  ][semeru     ] Memory Server Finishes PreClean!
[117.813s][debug  ][semeru,rdma] Read server: 0 bitmap: 0x400000000000, byte_size: 0x20000000
[117.946s][debug  ][semeru,rdma] Read server: 0 alive_table: 0x400032b00000, byte_size: 0x10000000
[118.014s][info   ][gc,start   ] GC(3) Pause Final Mark
[118.014s][info   ][gc,task    ] GC(3) Using 32 of 32 workers for final marking
[118.014s][debug  ][semeru     ] Pause Time for clear trace buffer: 0.000184 ms
[118.014s][debug  ][semeru,rdma] after clear traced buffer
[118.014s][debug  ][semeru     ] Pause Time for finish marking: 0.005727 ms
[118.014s][debug  ][semeru     ] increase region: 0xdb words: 0x3efa8
[118.014s][debug  ][semeru     ] increase region: 0xdc words: 0x3ff67a
[118.014s][debug  ][semeru     ] increase region: 0xdd words: 0x400000
[118.014s][debug  ][semeru     ] increase region: 0xde words: 0x400000
[118.014s][debug  ][semeru     ] increase region: 0xdf words: 0x809b
[118.014s][debug  ][semeru     ] increase region: 0xe0 words: 0xbdbe
[118.014s][debug  ][semeru     ] increase region: 0xe4 words: 0x400000
[118.015s][debug  ][semeru     ] increase region: 0xe5 words: 0x2f3ce
[118.015s][debug  ][semeru     ] Pause Time for complete liveness: 0.073711 ms
[118.015s][debug  ][semeru     ] Pause Time for retire labs: 0.078254 ms
[118.015s][debug  ][semeru     ] Pause Time for rebuild free set: 0.040448 ms
[118.015s][info   ][gc,ergo    ] GC(3) Adaptive CSet Selection. Target Free: 5898M, Actual Free: 25024M, Max CSet: 2457M, Min Garbage: 0M
[118.019s][info   ][gc,ergo    ] GC(3) Collectable Garbage: 7112M (98% of total), 54M CSet, 224 CSet regions
[118.019s][info   ][gc,ergo    ] GC(3) Immediate Garbage: 0M (0% of total), 0 regions
[118.019s][debug  ][semeru     ] Pause Time for choose cset: 4.548687 ms
[118.019s][debug  ][semeru     ] Pause Time for add collectionset: 0.028730 ms
[118.019s][debug  ][semeru     ] Pause Time before evacuate roots: 0.015691 ms
[118.031s][debug  ][semeru     ] Pause Time during evacuate roots: 11.874259 ms
[118.031s][debug  ][semeru     ] Pause Time after evacuate roots: 0.021548 ms
[118.031s][debug  ][semeru     ] Total Pause Time: 16.686616 ms
[118.034s][debug  ][semeru     ] Pause Time for update roots: 2.845995 ms
[118.034s][debug  ][semeru     ] Finish update roots!
[118.100s][debug  ][semeru,rdma] Flushed collection set to mem servers.
[119.688s][debug  ][semeru,rdma] Flushed regions in collection set to mem servers.
[119.688s][debug  ][semeru,rdma] Write server: 0 bitmap: 0x400000000000, byte_size: 0x20000000
[119.803s][debug  ][semeru,rdma] cpu server flags start_addr: 0x400030801000, size: 0x1000
[119.803s][info   ][gc         ] GC(3) Pause Final Mark 1788.540ms
[119.804s][debug  ][semeru     ] CPU Server Finishes Final Marking!
[119.804s][info   ][gc,start   ] GC(3) Concurrent evacuation
[119.804s][info   ][gc,task    ] GC(3) Using 32 of 32 workers for concurrent evacuation
[119.902s][info   ][gc         ] GC(3) Concurrent evacuation 7702M->7702M(32768M) 98.493ms
[119.902s][debug  ][semeru     ] Finish Evac Local!
[119.902s][debug  ][semeru     ] Finish Evac Remote!
[119.902s][debug  ][semeru     ] _evacuation_finished: 1
[120.403s][info   ][gc,start   ] GC(3) Pause Final Evac
HEAP used: 0x1e1678678, calc_used: 0x1e1678678
[120.404s][debug  ][semeru     ] WholeHeapAlive: 535 MB
[120.404s][info   ][gc         ] GC(3) Pause Final Evac 0.510ms
[120.404s][info   ][gc,start   ] GC(3) Concurrent cleanup
[120.404s][info   ][gc         ] GC(3) Concurrent cleanup 7702M->535M(32768M) 0.216ms
[120.404s][info   ][gc,ergo    ] GC(3) Free: 29256M (926 regions), Max regular: 32768K, Max humongous: 22380544K, External frag: 26%, Internal frag: 1%
[120.404s][info   ][gc,ergo    ] GC(3) Evacuation Reserve: 2976M (93 regions), Max regular: 32768K
[120.404s][info   ][gc,ergo    ] Free: 29256M (926 regions), Max regular: 32768K, Max humongous: 22380544K, External frag: 26%, Internal frag: 1%
[120.404s][info   ][gc,ergo    ] Evacuation Reserve: 2976M (93 regions), Max regular: 32768K
[136.569s][info   ][gc         ] Trigger: Learning 5 of 5. Free (22281M) is below initial threshold (22282M)
[136.570s][info   ][gc,ergo    ] Free: 22281M (709 regions), Max regular: 32768K, Max humongous: 22380544K, External frag: 2%, Internal frag: 1%
[136.570s][info   ][gc,ergo    ] Evacuation Reserve: 2976M (93 regions), Max regular: 32768K
[136.570s][info   ][gc,start   ] GC(4) Concurrent reset
[136.570s][info   ][gc,task    ] GC(4) Using 32 of 32 workers for concurrent reset
[136.579s][info   ][gc         ] GC(4) Concurrent reset 7510M->7510M(32768M) 9.234ms
[136.580s][info   ][gc,start   ] GC(4) Pause Init Mark
[136.581s][info   ][gc,task    ] GC(4) Using 32 of 32 workers for init marking
[136.584s][debug  ][semeru     ] Pause Time for mark roots: 3.683135 ms
[138.351s][debug  ][semeru,rdma] Flushed regions structures to mem servers.
[138.354s][debug  ][semeru,rdma] rootobjqueue start_addr: 0x400030b00000, size: 0x1000000, root_object_queue: 0x400030b01000
[138.354s][debug  ][semeru     ] Root Object Queue Len: 20074
[138.354s][debug  ][semeru,rdma] cpu server flags _should_start_tracing 1
[138.354s][debug  ][semeru,rdma] cpu server flags _tracing_all_finished 0
[138.454s][debug  ][semeru,rdma] cpu server flags start_addr: 0x400030801000, size: 0x6
[138.454s][debug  ][semeru,rdma] cpu server flags _tracing_all_finished 0
[138.616s][debug  ][semeru     ] Memory Server Finishes Marking!
[138.616s][info   ][gc         ] GC(4) Pause Init Mark 2035.948ms
[138.617s][debug  ][semeru     ] CPU Server Finishes Initial Marking!
[138.617s][debug  ][semeru     ] Memory Server Finishes Marking!
[138.617s][debug  ][semeru     ] Memory Server Finishes PreClean!
[138.617s][debug  ][semeru,rdma] Read server: 0 bitmap: 0x400000000000, byte_size: 0x20000000
[138.749s][debug  ][semeru,rdma] Read server: 0 alive_table: 0x400032b00000, byte_size: 0x10000000
[138.817s][info   ][gc,start   ] GC(4) Pause Final Mark
[138.817s][info   ][gc,task    ] GC(4) Using 32 of 32 workers for final marking
[138.817s][debug  ][semeru     ] Pause Time for clear trace buffer: 0.000117 ms
[138.817s][debug  ][semeru,rdma] after clear traced buffer
[138.817s][debug  ][semeru     ] Pause Time for finish marking: 0.007140 ms
[138.817s][debug  ][semeru     ] increase region: 0xd9 words: 0x2002a
[138.817s][debug  ][semeru     ] increase region: 0xda words: 0x400000
[138.817s][debug  ][semeru     ] increase region: 0xdb words: 0xc0ec
[138.817s][debug  ][semeru     ] increase region: 0xdc words: 0x986
[138.817s][debug  ][semeru     ] increase region: 0xe1 words: 0x400000
[138.817s][debug  ][semeru     ] increase region: 0xe2 words: 0x14a08c
[138.817s][debug  ][semeru     ] Pause Time for complete liveness: 0.067631 ms
[138.818s][debug  ][semeru     ] Pause Time for retire labs: 0.079545 ms
[138.818s][debug  ][semeru     ] Pause Time for rebuild free set: 0.043180 ms
[138.818s][info   ][gc,ergo    ] GC(4) Adaptive CSet Selection. Target Free: 5898M, Actual Free: 25087M, Max CSet: 2457M, Min Garbage: 0M
[138.822s][info   ][gc,ergo    ] GC(4) Collectable Garbage: 6986M (97% of total), 53M CSet, 220 CSet regions
[138.822s][info   ][gc,ergo    ] GC(4) Immediate Garbage: 31M (0% of total), 1 regions
[138.822s][debug  ][semeru     ] Pause Time for choose cset: 4.841498 ms
[138.823s][debug  ][semeru     ] Pause Time for add collectionset: 0.032807 ms
[138.823s][debug  ][semeru     ] Pause Time before evacuate roots: 0.020998 ms
[138.835s][debug  ][semeru     ] Pause Time during evacuate roots: 11.970359 ms
[138.835s][debug  ][semeru     ] Pause Time after evacuate roots: 0.026094 ms
[138.835s][debug  ][semeru     ] Total Pause Time: 17.088705 ms
[138.838s][debug  ][semeru     ] Pause Time for update roots: 3.612007 ms
[138.838s][debug  ][semeru     ] Finish update roots!
[138.904s][debug  ][semeru,rdma] Flushed collection set to mem servers.
[140.498s][debug  ][semeru,rdma] Flushed regions in collection set to mem servers.
[140.498s][debug  ][semeru,rdma] Write server: 0 bitmap: 0x400000000000, byte_size: 0x20000000
[140.613s][debug  ][semeru,rdma] cpu server flags start_addr: 0x400030801000, size: 0x1000
[140.613s][info   ][gc         ] GC(4) Pause Final Mark 1796.082ms
[140.614s][debug  ][semeru     ] CPU Server Finishes Final Marking!
[140.614s][info   ][gc,start   ] GC(4) Concurrent evacuation
[140.614s][info   ][gc,task    ] GC(4) Using 32 of 32 workers for concurrent evacuation
[140.720s][info   ][gc         ] GC(4) Concurrent evacuation 7641M->7641M(32768M) 105.936ms
[140.720s][debug  ][semeru     ] Finish Evac Local!
[140.720s][debug  ][semeru     ] Finish Evac Remote!
[140.720s][debug  ][semeru     ] _evacuation_finished: 1
[141.221s][info   ][gc,start   ] GC(4) Pause Final Evac
HEAP used: 0x1dd95b898, calc_used: 0x1dd95b898
[141.222s][debug  ][semeru     ] WholeHeapAlive: 569 MB
[141.222s][info   ][gc         ] GC(4) Pause Final Evac 0.545ms
[141.222s][info   ][gc,start   ] GC(4) Concurrent cleanup
[141.222s][info   ][gc         ] GC(4) Concurrent cleanup 7609M->570M(32768M) 0.251ms
[141.222s][info   ][gc,ergo    ] GC(4) Free: 29221M (925 regions), Max regular: 32768K, Max humongous: 22315008K, External frag: 26%, Internal frag: 1%
[141.222s][info   ][gc,ergo    ] GC(4) Evacuation Reserve: 2976M (93 regions), Max regular: 32768K
[141.222s][info   ][gc,ergo    ] Free: 29221M (925 regions), Max regular: 32768K, Max humongous: 22315008K, External frag: 26%, Internal frag: 1%
[141.222s][info   ][gc,ergo    ] Evacuation Reserve: 2976M (93 regions), Max regular: 32768K
Finished repopulating database
Running 8192 trade sessions directly on server
[155.325s][info   ][gc         ] Trigger: Free (22281M) is below minimum threshold (22282M)
[155.325s][info   ][gc,ergo    ] Free: 22281M (709 regions), Max regular: 32768K, Max humongous: 22315008K, External frag: 3%, Internal frag: 1%
[155.325s][info   ][gc,ergo    ] Evacuation Reserve: 2976M (93 regions), Max regular: 32768K
[155.325s][info   ][gc,start   ] GC(5) Concurrent reset
[155.325s][info   ][gc,task    ] GC(5) Using 32 of 32 workers for concurrent reset
[155.334s][info   ][gc         ] GC(5) Concurrent reset 7510M->7510M(32768M) 9.009ms
[155.336s][info   ][gc,start   ] GC(5) Pause Init Mark
[155.336s][info   ][gc,task    ] GC(5) Using 32 of 32 workers for init marking
[155.339s][debug  ][semeru     ] Pause Time for mark roots: 3.272751 ms
[157.079s][debug  ][semeru,rdma] Flushed regions structures to mem servers.
[157.082s][debug  ][semeru,rdma] rootobjqueue start_addr: 0x400030b00000, size: 0x1000000, root_object_queue: 0x400030b01000
[157.082s][debug  ][semeru     ] Root Object Queue Len: 20007
[157.082s][debug  ][semeru,rdma] cpu server flags _should_start_tracing 1
[157.082s][debug  ][semeru,rdma] cpu server flags _tracing_all_finished 0
[157.182s][debug  ][semeru,rdma] cpu server flags start_addr: 0x400030801000, size: 0x6
[157.182s][debug  ][semeru,rdma] cpu server flags _tracing_all_finished 0
[157.324s][debug  ][semeru     ] Memory Server Finishes Marking!
[157.324s][info   ][gc         ] GC(5) Pause Init Mark 1988.384ms
[157.324s][debug  ][semeru     ] CPU Server Finishes Initial Marking!
[157.325s][debug  ][semeru     ] Memory Server Finishes Marking!
[157.325s][debug  ][semeru     ] Memory Server Finishes PreClean!
[157.325s][debug  ][semeru,rdma] Read server: 0 bitmap: 0x400000000000, byte_size: 0x20000000
[157.451s][debug  ][semeru,rdma] Read server: 0 alive_table: 0x400032b00000, byte_size: 0x10000000
[157.516s][info   ][gc,start   ] GC(5) Pause Final Mark
[157.516s][info   ][gc,task    ] GC(5) Using 32 of 32 workers for final marking
[157.516s][debug  ][semeru     ] Pause Time for clear trace buffer: 0.000257 ms
[157.516s][debug  ][semeru,rdma] after clear traced buffer
[157.516s][debug  ][semeru     ] Pause Time for finish marking: 0.007240 ms
[157.516s][debug  ][semeru     ] increase region: 0xdd words: 0x4e7a9
[157.516s][debug  ][semeru     ] increase region: 0xde words: 0x400000
[157.516s][debug  ][semeru     ] increase region: 0xdf words: 0x400000
[157.516s][debug  ][semeru     ] increase region: 0xe0 words: 0x400000
[157.516s][debug  ][semeru     ] increase region: 0xe2 words: 0x2b5f74
[157.516s][debug  ][semeru     ] increase region: 0xe3 words: 0x34fad9
[157.516s][debug  ][semeru     ] Pause Time for complete liveness: 0.074986 ms
[157.517s][debug  ][semeru     ] Pause Time for retire labs: 0.085565 ms
[157.517s][debug  ][semeru     ] Pause Time for rebuild free set: 0.046346 ms
[157.517s][info   ][gc,ergo    ] GC(5) Adaptive CSet Selection. Target Free: 5898M, Actual Free: 25056M, Max CSet: 2457M, Min Garbage: 0M
[157.522s][info   ][gc,ergo    ] GC(5) Collectable Garbage: 6977M (97% of total), 30M CSet, 219 CSet regions
[157.522s][info   ][gc,ergo    ] GC(5) Immediate Garbage: 64M (0% of total), 2 regions
[157.522s][debug  ][semeru     ] Pause Time for choose cset: 5.268356 ms
[157.522s][debug  ][semeru     ] Pause Time for add collectionset: 0.032731 ms
[157.522s][debug  ][semeru     ] Pause Time before evacuate roots: 0.017393 ms
[157.534s][debug  ][semeru     ] Pause Time during evacuate roots: 11.511712 ms
[157.534s][debug  ][semeru     ] Pause Time after evacuate roots: 0.025872 ms
[157.534s][debug  ][semeru     ] Total Pause Time: 17.069690 ms
[157.537s][debug  ][semeru     ] Pause Time for update roots: 3.545940 ms
[157.537s][debug  ][semeru     ] Finish update roots!
[157.603s][debug  ][semeru,rdma] Flushed collection set to mem servers.
[159.203s][debug  ][semeru,rdma] Flushed regions in collection set to mem servers.
[159.203s][debug  ][semeru,rdma] Write server: 0 bitmap: 0x400000000000, byte_size: 0x20000000
[159.319s][debug  ][semeru,rdma] cpu server flags start_addr: 0x400030801000, size: 0x1000
[159.319s][info   ][gc         ] GC(5) Pause Final Mark 1802.741ms
[159.320s][debug  ][semeru     ] CPU Server Finishes Final Marking!
[159.320s][info   ][gc,start   ] GC(5) Concurrent evacuation
[159.320s][info   ][gc,task    ] GC(5) Using 32 of 32 workers for concurrent evacuation
[159.408s][info   ][gc         ] GC(5) Concurrent evacuation 7688M->7688M(32768M) 88.311ms
[159.408s][debug  ][semeru     ] Finish Evac Local!
[159.408s][debug  ][semeru     ] Finish Evac Remote!
[159.408s][debug  ][semeru     ] _evacuation_finished: 1
[159.910s][info   ][gc,start   ] GC(5) Pause Final Evac
HEAP used: 0x1e08ea1c8, calc_used: 0x1e08ea1c8
[159.910s][debug  ][semeru     ] WholeHeapAlive: 616 MB
[159.910s][info   ][gc         ] GC(5) Pause Final Evac 0.456ms
[159.910s][info   ][gc,start   ] GC(5) Concurrent cleanup
[159.911s][info   ][gc         ] GC(5) Concurrent cleanup 7658M->618M(32768M) 0.218ms
[159.911s][info   ][gc,ergo    ] GC(5) Free: 29173M (926 regions), Max regular: 32768K, Max humongous: 22282240K, External frag: 26%, Internal frag: 1%
[159.911s][info   ][gc,ergo    ] GC(5) Evacuation Reserve: 2976M (93 regions), Max regular: 32768K
[159.911s][info   ][gc,ergo    ] Free: 29173M (926 regions), Max regular: 32768K, Max humongous: 22282240K, External frag: 26%, Internal frag: 1%
[159.911s][info   ][gc,ergo    ] Evacuation Reserve: 2976M (93 regions), Max regular: 32768K
Completed 8192 trade sessions comprising 143773 trader actions
	Home .................... 26956 (18.7%)
	Portfolio ............... 12122 ( 8.4%)
	Quote ................... 60717 (42.2%)
	Buy ..................... 12100 ( 8.4%)
	Sell .................... 12190 ( 8.5%)
	Update ..................  2036 ( 1.4%)
	Register ................   634 ( 0.4%)
	Login ...................  8192 ( 5.7%)
	Logout ..................  8826 ( 6.1%)
Shutting down Geronimo...
[169.599s][info   ][gc         ] Cancelling GC: Stopping VM
[169.599s][info   ][gc,heap,exit] Heap
[169.599s][info   ][gc,heap,exit] Shenandoah Heap
[169.599s][info   ][gc,heap,exit]  33554432K total, 33554432K committed, 5793274K used
[169.599s][info   ][gc,heap,exit]  1024 x 32768K regions
[169.599s][info   ][gc,heap,exit] Status: cancelled
[169.599s][info   ][gc,heap,exit] Reserved region:
[169.599s][info   ][gc,heap,exit]  - [0x0000400200000000, 0x0000400a00000000) 
[169.599s][info   ][gc,heap,exit] Collection set:
[169.599s][info   ][gc,heap,exit]  - map (vanilla): 0x00007f8a58264100
[169.599s][info   ][gc,heap,exit]  - map (biased):  0x00007f8a58064000
[169.599s][info   ][gc,heap,exit] 
[169.599s][info   ][gc,heap,exit]  Metaspace       used 66686K, capacity 68824K, committed 68864K, reserved 69632K
[169.599s][info   ][gc,stats    ] 
[169.599s][info   ][gc,stats    ] GC STATISTICS:
[169.599s][info   ][gc,stats    ]   "(G)" (gross) pauses include VM time: time to notify and block threads, do the pre-
[169.599s][info   ][gc,stats    ]         and post-safepoint housekeeping. Use -XX:+PrintSafepointStatistics to dissect.
[169.599s][info   ][gc,stats    ]   "(N)" (net) pauses are the times spent in the actual GC code.
[169.599s][info   ][gc,stats    ]   "a" is average time for each phase, look at levels to see if average makes sense.
[169.599s][info   ][gc,stats    ]   "lvls" are quantiles: 0% (minimum), 25%, 50% (median), 75%, 100% (maximum).
[169.599s][info   ][gc,stats    ] 
[169.599s][info   ][gc,stats    ] Total Pauses (G)            =    23.02 s (a =  1278792 us) (n =    18) (lvls, us =     1113,     2051,  1796875,  1933594,  2052859)
[169.600s][info   ][gc,stats    ] Total Pauses (N)            =    22.99 s (a =  1277373 us) (n =    18) (lvls, us =      408,      533,  1796875,  1933594,  2050657)
[169.600s][info   ][gc,stats    ] Pause Init Mark (G)         =    11.93 s (a =  1987612 us) (n =     6) (lvls, us =  1914062,  1914062,  1972656,  1972656,  2052852)
[169.600s][info   ][gc,stats    ] Pause Init Mark (N)         =    11.92 s (a =  1985874 us) (n =     6) (lvls, us =  1894531,  1894531,  1972656,  1972656,  2050655)
[169.600s][info   ][gc,stats    ]   Make Parsable             =     0.00 s (a =      222 us) (n =     6) (lvls, us =      119,      119,      131,      139,      657)
[169.600s][info   ][gc,stats    ]   Clear Liveness            =     0.00 s (a =       58 us) (n =     6) (lvls, us =       49,       49,       59,       59,       64)
[169.600s][info   ][gc,stats    ]   Scan Roots                =     0.03 s (a =     5416 us) (n =     6) (lvls, us =     3105,     3105,     3262,     3535,    15651)
[169.600s][info   ][gc,stats    ]     S: Thread Roots         =     0.00 s (a =      320 us) (n =     6) (lvls, us =      172,      172,      193,      195,      967)
[169.600s][info   ][gc,stats    ]     S: Code Cache Roots     =     0.00 s (a =       62 us) (n =     6) (lvls, us =       43,       43,       49,       49,      118)
[169.600s][info   ][gc,stats    ]     S: Universe Roots       =     0.00 s (a =       11 us) (n =     6) (lvls, us =        7,        7,        9,        9,       22)
[169.600s][info   ][gc,stats    ]     S: JNI Roots            =     0.00 s (a =      303 us) (n =     6) (lvls, us =        8,        8,       16,       24,     1695)
[169.600s][info   ][gc,stats    ]     S: Synchronizer Roots   =     0.00 s (a =        0 us) (n =     6) (lvls, us =        0,        0,        0,        0,        1)
[169.600s][info   ][gc,stats    ]     S: Management Roots     =     0.00 s (a =       13 us) (n =     6) (lvls, us =        2,        2,        3,        6,       57)
[169.600s][info   ][gc,stats    ]     S: System Dict Roots    =     0.00 s (a =       69 us) (n =     6) (lvls, us =       15,       15,       18,       18,      300)
[169.600s][info   ][gc,stats    ]     S: CLDG Roots           =     0.01 s (a =     1582 us) (n =     6) (lvls, us =      648,      648,      707,      768,     5933)
[169.600s][info   ][gc,stats    ]     S: JVMTI Roots          =     0.00 s (a =        1 us) (n =     6) (lvls, us =        1,        1,        1,        1,        1)
[169.600s][info   ][gc,stats    ]   Resize TLABs              =     0.00 s (a =       38 us) (n =     6) (lvls, us =       32,       32,       33,       38,       48)
[169.600s][info   ][gc,stats    ] Pause Final Mark (G)        =    11.08 s (a =  1846933 us) (n =     6) (lvls, us =  1777344,  1777344,  1796875,  1796875,  2036410)
[169.600s][info   ][gc,stats    ] Pause Final Mark (N)        =    11.07 s (a =  1845742 us) (n =     6) (lvls, us =  1777344,  1777344,  1796875,  1796875,  2035341)
[169.600s][info   ][gc,stats    ]   Complete Liveness         =     0.00 s (a =       61 us) (n =     6) (lvls, us =       42,       42,       63,       68,       71)
[169.600s][info   ][gc,stats    ]   Prepare Evacuation        =     0.03 s (a =     4880 us) (n =     6) (lvls, us =     3613,     3613,     4727,     5039,     5729)
[169.600s][info   ][gc,stats    ]   Initial Evacuation        =    11.04 s (a =  1840669 us) (n =     6) (lvls, us =  1777344,  1777344,  1796875,  1796875,  2029425)
[169.600s][info   ][gc,stats    ]     E: Thread Roots         =     0.01 s (a =     1078 us) (n =     6) (lvls, us =      695,      695,     1094,     1113,     1640)
[169.600s][info   ][gc,stats    ]     E: Code Cache Roots     =     0.00 s (a =       67 us) (n =     6) (lvls, us =       12,       12,       17,       27,      306)
[169.600s][info   ][gc,stats    ]     E: Universe Roots       =     0.00 s (a =       10 us) (n =     6) (lvls, us =        3,        3,        4,        5,       36)
[169.600s][info   ][gc,stats    ]     E: JNI Roots            =     0.00 s (a =       10 us) (n =     6) (lvls, us =        1,        1,        1,        3,       46)
[169.600s][info   ][gc,stats    ]     E: JVMTI Weak Roots     =     0.00 s (a =        2 us) (n =     6) (lvls, us =        1,        1,        1,        1,        8)
[169.600s][info   ][gc,stats    ]     E: JFR Weak Roots       =     0.00 s (a =        0 us) (n =     6) (lvls, us =        0,        0,        0,        0,        0)
[169.600s][info   ][gc,stats    ]     E: JNI Weak Roots       =     0.00 s (a =        1 us) (n =     6) (lvls, us =        1,        1,        1,        1,        1)
[169.600s][info   ][gc,stats    ]     E: String Table Roots   =     0.02 s (a =     2986 us) (n =     6) (lvls, us =     1836,     1836,     2891,     2891,     4430)
[169.600s][info   ][gc,stats    ]     E: Resolved Table Roots =     0.00 s (a =       81 us) (n =     6) (lvls, us =       57,       57,       74,       82,      118)
[169.600s][info   ][gc,stats    ]     E: VM Weak Roots        =     0.00 s (a =       92 us) (n =     6) (lvls, us =       62,       62,       88,       93,      140)
[169.600s][info   ][gc,stats    ]     E: Synchronizer Roots   =     0.00 s (a =        0 us) (n =     6) (lvls, us =        0,        0,        0,        0,        1)
[169.600s][info   ][gc,stats    ]     E: Management Roots     =     0.00 s (a =       12 us) (n =     6) (lvls, us =        1,        1,        2,        2,       65)
[169.600s][info   ][gc,stats    ]     E: System Dict Roots    =     0.00 s (a =       35 us) (n =     6) (lvls, us =        7,        7,       15,       16,      145)
[169.600s][info   ][gc,stats    ]     E: CLDG Roots           =     0.01 s (a =     1729 us) (n =     6) (lvls, us =     1152,     1152,     1484,     1719,     2674)
[169.600s][info   ][gc,stats    ]     E: JVMTI Roots          =     0.00 s (a =        1 us) (n =     6) (lvls, us =        1,        1,        1,        1,        1)
[169.600s][info   ][gc,stats    ] Pause Final Evac (G)        =     0.01 s (a =     1811 us) (n =     6) (lvls, us =     1094,     1094,     1934,     2051,     2262)
[169.600s][info   ][gc,stats    ] Pause Final Evac (N)        =     0.00 s (a =      493 us) (n =     6) (lvls, us =      402,      402,      475,      529,      566)
[169.600s][info   ][gc,stats    ] Concurrent Reset            =     0.05 s (a =     7901 us) (n =     6) (lvls, us =      430,      430,     9160,     9297,     9782)
[169.600s][info   ][gc,stats    ] Concurrent Evacuation       =     0.76 s (a =   126015 us) (n =     6) (lvls, us =    88281,    88281,    98438,    99609,   272013)
[169.600s][info   ][gc,stats    ] Concurrent Cleanup          =     0.00 s (a =      223 us) (n =     6) (lvls, us =      166,      166,      232,      234,      278)
[169.600s][info   ][gc,stats    ] 
[169.600s][info   ][gc,stats    ] 
[169.600s][info   ][gc,stats    ] Under allocation pressure, concurrent cycles may cancel, and either continue cycle
[169.600s][info   ][gc,stats    ] under stop-the-world pause or result in stop-the-world Full GC. Increase heap size,
[169.600s][info   ][gc,stats    ] tune GC heuristics, set more aggressive pacing delay, or lower allocation rate
[169.600s][info   ][gc,stats    ] to avoid Degenerated and Full GC cycles.
[169.600s][info   ][gc,stats    ] 
[169.600s][info   ][gc,stats    ]     6 successful concurrent GCs
[169.600s][info   ][gc,stats    ]       0 invoked explicitly
[169.600s][info   ][gc,stats    ]       0 invoked implicitly
[169.600s][info   ][gc,stats    ] 
[169.600s][info   ][gc,stats    ]     0 Degenerated GCs
[169.600s][info   ][gc,stats    ]       0 caused by allocation failure
[169.600s][info   ][gc,stats    ]       0 upgraded to Full GC
[169.600s][info   ][gc,stats    ] 
[169.600s][info   ][gc,stats    ]     0 Full GCs
[169.600s][info   ][gc,stats    ]       0 invoked explicitly
[169.600s][info   ][gc,stats    ]       0 invoked implicitly
[169.600s][info   ][gc,stats    ]       0 caused by allocation failure
[169.600s][info   ][gc,stats    ]       0 upgraded from Degenerated GC
[169.600s][info   ][gc,stats    ] 
[169.600s][info   ][gc,stats    ] 
[169.600s][info   ][gc,stats    ] 
[169.600s][info   ][gc,stats    ] 
[169.600s][info   ][gc,stats    ]   Allocation tracing is disabled, use -XX:+ShenandoahAllocationTrace to enable.
