[0.003s][warning][logging] No tag set matches selection: semeru+mem_compact. Did you mean any of the following? semeru* semeru+alloc semeru+rdma
[0.003s][warning][logging] No tag set matches selection: semeru+mem_trace. Did you mean any of the following? semeru* semeru+alloc semeru+rdma
[0.004s][warning][gc     ] -XX:+PrintGCDetails is deprecated. Will use -Xlog:gc* instead.
[0.006s][info   ][gc     ] Consider -XX:+ClassUnloadingWithConcurrentMark if large pause times are observed on class-unloading sensitive workloads
[0.009s][info   ][gc,init] Regions: 1024 x 32768K
[0.009s][info   ][gc,init] Humongous object threshold: 32768K
[0.009s][info   ][gc,init] Max TLAB size: 512K
[0.010s][info   ][gc,init] GC threads: 32 parallel, 32 concurrent
[0.010s][info   ][gc,init] Reference processing: parallel
[0.010s][info   ][gc     ] Heuristics ergonomically sets -XX:+ExplicitGCInvokesConcurrent
[0.010s][info   ][gc     ] Heuristics ergonomically sets -XX:+ShenandoahImplicitGCInvokesConcurrent
[0.010s][info   ][gc,init] Shenandoah heuristics: adaptive
[0.010s][debug  ][heap   ] reserve_semeru_memory_pool, Try to request memory 0xa00000000 from OS at 0x2000000 alignment. 

[0.010s][info   ][heap   ] Successfully allocated Java heap at location 0x400000000000
[0.010s][info   ][semeru ] reserve_semeru_memory_pool, Reset swap out array for range [0x400200000000, 0x400a00000000)

[15.846s][debug  ][semeru ] after commit and memset all rdma structure space, size: 0x48000000
range of heap: 0x400200000000 to 0x400a00000000
[15.846s][debug  ][semeru,rdma] Reset bitmap server 0: 0x400000000000, byte_size: 0x20000000
[15.846s][debug  ][semeru     ] _alive_table: 0x400032b00000
[15.850s][info   ][gc,init    ] Pretouch heap: 1024 regions, 4096 bytes page
[15.851s][info   ][gc,init    ] Initialize Shenandoah heap: 32768M initial, 32768M min, 32768M max
[15.851s][info   ][gc,init    ] Safepointing mechanism: thread-local poll
[15.851s][info   ][gc         ] Using Shenandoah
Using scaled threading model. 16 processors detected, 16 threads used to drive the workload, in a possible range of [1,8192]
Booting Geronimo Kernel (in Java 13-internal)...
Geronimo startup complete
Resetting database and populating with 1098 stocks...
Populating database with 12288 users...
[41.156s][info   ][gc         ] Trigger: Learning 1 of 5. Free (26213M) is below initial threshold (26214M)
[41.156s][info   ][gc,ergo    ] Free: 26213M (820 regions), Max regular: 32768K, Max humongous: 26836992K, External frag: 1%, Internal frag: 0%
[41.156s][info   ][gc,ergo    ] Evacuation Reserve: 1984M (62 regions), Max regular: 32768K
[41.156s][info   ][gc,start   ] GC(0) Concurrent reset
[41.156s][info   ][gc,task    ] GC(0) Using 32 of 32 workers for concurrent reset
[41.157s][info   ][gc         ] GC(0) Concurrent reset 4570M->4570M(32768M) 0.197ms
[41.157s][info   ][gc,start   ] GC(0) Pause Init Mark
[41.157s][info   ][gc,task    ] GC(0) Using 32 of 32 workers for init marking
[41.163s][debug  ][semeru     ] Pause Time for mark roots: 4.824883 ms
[42.226s][debug  ][semeru,rdma] Flushed regions structures to mem servers.
[42.230s][debug  ][semeru,rdma] rootobjqueue start_addr: 0x400030b00000, size: 0x1000000, root_object_queue: 0x400030b01000
[42.230s][debug  ][semeru     ] Root Object Queue Len: 20113
[42.230s][debug  ][semeru,rdma] cpu server flags _should_start_tracing 1
[42.230s][debug  ][semeru,rdma] cpu server flags _tracing_all_finished 0
[42.330s][debug  ][semeru,rdma] cpu server flags start_addr: 0x400030801000, size: 0x6
[42.330s][debug  ][semeru,rdma] cpu server flags _tracing_all_finished 0
[42.411s][debug  ][semeru     ] Memory Server Finishes Marking!
[42.411s][info   ][gc         ] GC(0) Pause Init Mark 1253.718ms
[42.412s][debug  ][semeru     ] CPU Server Finishes Initial Marking!
[42.412s][debug  ][semeru     ] Memory Server Finishes Marking!
[42.412s][debug  ][semeru     ] Memory Server Finishes PreClean!
[42.412s][debug  ][semeru,rdma] Read server: 0 bitmap: 0x400000000000, byte_size: 0x20000000
[42.552s][debug  ][semeru,rdma] Read server: 0 alive_table: 0x400032b00000, byte_size: 0x10000000
[42.626s][info   ][gc,start   ] GC(0) Pause Final Mark
[42.626s][info   ][gc,task    ] GC(0) Using 32 of 32 workers for final marking
[42.626s][debug  ][semeru     ] Pause Time for clear trace buffer: 0.000169 ms
[42.626s][debug  ][semeru,rdma] after clear traced buffer
[42.626s][debug  ][semeru     ] Pause Time for finish marking: 0.004265 ms
[42.626s][debug  ][semeru     ] increase region: 0x8e words: 0xa0000
[42.626s][debug  ][semeru     ] increase region: 0x8f words: 0x400000
[42.626s][debug  ][semeru     ] increase region: 0x90 words: 0x400000
[42.626s][debug  ][semeru     ] increase region: 0x91 words: 0x400000
[42.626s][debug  ][semeru     ] increase region: 0x92 words: 0x40000
[42.627s][debug  ][semeru     ] Pause Time for complete liveness: 0.071814 ms
[42.627s][debug  ][semeru     ] Pause Time for retire labs: 0.081631 ms
[42.627s][debug  ][semeru     ] Pause Time for rebuild free set: 0.086290 ms
[42.627s][info   ][gc,ergo    ] GC(0) Adaptive CSet Selection. Target Free: 19333M, Actual Free: 28064M, Max CSet: 1638M, Min Garbage: 0M
[42.629s][info   ][gc,ergo    ] GC(0) Collectable Garbage: 4458M (99% of total), 84M CSet, 142 CSet regions
[42.629s][info   ][gc,ergo    ] GC(0) Immediate Garbage: 0M (0% of total), 0 regions
[42.629s][debug  ][semeru     ] Pause Time for choose cset: 2.375381 ms
[42.629s][debug  ][semeru     ] Pause Time for add collectionset: 0.021150 ms
[42.629s][debug  ][semeru     ] Pause Time before evacuate roots: 0.017499 ms
[42.638s][debug  ][semeru     ] Pause Time during evacuate roots: 9.022795 ms
[42.638s][debug  ][semeru     ] Pause Time after evacuate roots: 0.028715 ms
[42.638s][debug  ][semeru     ] Total Pause Time: 11.709306 ms
[42.759s][debug  ][semeru     ] Pause Time for update roots: 120.955639 ms
[42.759s][debug  ][semeru     ] Finish update roots!
[42.828s][debug  ][semeru,rdma] Flushed collection set to mem servers.
[43.846s][debug  ][semeru,rdma] Flushed regions in collection set to mem servers.
[43.846s][debug  ][semeru,rdma] Write server: 0 bitmap: 0x400000000000, byte_size: 0x20000000
[43.965s][debug  ][semeru,rdma] cpu server flags start_addr: 0x400030801000, size: 0x1000
[43.965s][info   ][gc         ] GC(0) Pause Final Mark 1338.696ms
[43.966s][debug  ][semeru     ] CPU Server Finishes Final Marking!
[43.966s][info   ][gc,start   ] GC(0) Concurrent evacuation
[43.966s][info   ][gc,task    ] GC(0) Using 32 of 32 workers for concurrent evacuation
[44.045s][info   ][gc         ] GC(0) Concurrent evacuation 4767M->4767M(32768M) 79.425ms
[44.045s][debug  ][semeru     ] Finish Evac Local!
[44.065s][debug  ][semeru     ] Finish Evac Remote!
[44.065s][debug  ][semeru     ] _evacuation_finished: 1
[44.567s][info   ][gc,start   ] GC(0) Pause Final Evac
HEAP used: 0x129fa1d00, calc_used: 0x129fa1d00
[44.568s][debug  ][semeru     ] WholeHeapAlive: 223 MB
[44.568s][info   ][gc         ] GC(0) Pause Final Evac 0.886ms
[44.568s][info   ][gc,start   ] GC(0) Concurrent cleanup
[44.568s][info   ][gc         ] GC(0) Concurrent cleanup 4767M->223M(32768M) 0.249ms
[44.568s][info   ][gc,ergo    ] GC(0) Free: 30560M (958 regions), Max regular: 32768K, Max humongous: 26607616K, External frag: 15%, Internal frag: 0%
[44.568s][info   ][gc,ergo    ] GC(0) Evacuation Reserve: 1984M (62 regions), Max regular: 32768K
[44.569s][info   ][gc,ergo    ] Free: 30560M (958 regions), Max regular: 32768K, Max humongous: 26607616K, External frag: 15%, Internal frag: 0%
[44.569s][info   ][gc,ergo    ] Evacuation Reserve: 1984M (62 regions), Max regular: 32768K
[55.509s][info   ][gc         ] Trigger: Learning 2 of 5. Free (26214M) is below initial threshold (26214M)
[55.509s][info   ][gc,ergo    ] Free: 26214M (823 regions), Max regular: 32768K, Max humongous: 26607616K, External frag: 1%, Internal frag: 0%
[55.509s][info   ][gc,ergo    ] Evacuation Reserve: 1984M (62 regions), Max regular: 32768K
[55.509s][info   ][gc,start   ] GC(1) Concurrent reset
[55.509s][info   ][gc,task    ] GC(1) Using 32 of 32 workers for concurrent reset
[55.515s][info   ][gc         ] GC(1) Concurrent reset 4569M->4571M(32768M) 5.728ms
[55.516s][info   ][gc,start   ] GC(1) Pause Init Mark
[55.516s][info   ][gc,task    ] GC(1) Using 32 of 32 workers for init marking
[55.520s][debug  ][semeru     ] Pause Time for mark roots: 4.294971 ms
[56.546s][debug  ][semeru,rdma] Flushed regions structures to mem servers.
[56.550s][debug  ][semeru,rdma] rootobjqueue start_addr: 0x400030b00000, size: 0x1000000, root_object_queue: 0x400030b01000
[56.550s][debug  ][semeru     ] Root Object Queue Len: 20118
[56.550s][debug  ][semeru,rdma] cpu server flags _should_start_tracing 1
[56.550s][debug  ][semeru,rdma] cpu server flags _tracing_all_finished 0
[56.650s][debug  ][semeru,rdma] cpu server flags start_addr: 0x400030801000, size: 0x6
[56.650s][debug  ][semeru,rdma] cpu server flags _tracing_all_finished 0
[56.741s][debug  ][semeru     ] Memory Server Finishes Marking!
[56.741s][info   ][gc         ] GC(1) Pause Init Mark 1225.507ms
[56.742s][debug  ][semeru     ] CPU Server Finishes Initial Marking!
[56.742s][debug  ][semeru     ] Memory Server Finishes Marking!
[56.742s][debug  ][semeru     ] Memory Server Finishes PreClean!
[56.742s][debug  ][semeru,rdma] Read server: 0 bitmap: 0x400000000000, byte_size: 0x20000000
[56.876s][debug  ][semeru,rdma] Read server: 0 alive_table: 0x400032b00000, byte_size: 0x10000000
[56.945s][info   ][gc,start   ] GC(1) Pause Final Mark
[56.945s][info   ][gc,task    ] GC(1) Using 32 of 32 workers for final marking
[56.945s][debug  ][semeru     ] Pause Time for clear trace buffer: 0.000242 ms
[56.945s][debug  ][semeru,rdma] after clear traced buffer
[56.945s][debug  ][semeru     ] Pause Time for finish marking: 0.004119 ms
[56.945s][debug  ][semeru     ] increase region: 0x87 words: 0x8ef7a
[56.945s][debug  ][semeru     ] increase region: 0x88 words: 0x400000
[56.945s][debug  ][semeru     ] increase region: 0x89 words: 0x400000
[56.945s][debug  ][semeru     ] increase region: 0x8a words: 0x400000
[56.945s][debug  ][semeru     ] increase region: 0x8b words: 0x400000
[56.945s][debug  ][semeru     ] increase region: 0x8c words: 0x13dc5d
[56.945s][debug  ][semeru     ] Pause Time for complete liveness: 0.080787 ms
[56.945s][debug  ][semeru     ] Pause Time for retire labs: 0.072011 ms
[56.945s][debug  ][semeru     ] Pause Time for rebuild free set: 0.065688 ms
[56.945s][info   ][gc,ergo    ] GC(1) Adaptive CSet Selection. Target Free: 19333M, Actual Free: 28064M, Max CSet: 1638M, Min Garbage: 0M
[56.948s][info   ][gc,ergo    ] GC(1) Collectable Garbage: 4348M (97% of total), 35M CSet, 137 CSet regions
[56.948s][info   ][gc,ergo    ] GC(1) Immediate Garbage: 64M (1% of total), 2 regions
[56.948s][debug  ][semeru     ] Pause Time for choose cset: 2.290676 ms
[56.948s][debug  ][semeru     ] Pause Time for add collectionset: 0.018639 ms
[56.948s][debug  ][semeru     ] Pause Time before evacuate roots: 0.016803 ms
[56.958s][debug  ][semeru     ] Pause Time during evacuate roots: 10.013170 ms
[56.958s][debug  ][semeru     ] Pause Time after evacuate roots: 0.018477 ms
[56.958s][debug  ][semeru     ] Total Pause Time: 12.580106 ms
[56.960s][debug  ][semeru     ] Pause Time for update roots: 2.201505 ms
[56.960s][debug  ][semeru     ] Finish update roots!
[57.026s][debug  ][semeru,rdma] Flushed collection set to mem servers.
[57.958s][debug  ][semeru,rdma] Flushed regions in collection set to mem servers.
[57.958s][debug  ][semeru,rdma] Write server: 0 bitmap: 0x400000000000, byte_size: 0x20000000
[58.076s][debug  ][semeru,rdma] cpu server flags start_addr: 0x400030801000, size: 0x1000
[58.076s][info   ][gc         ] GC(1) Pause Final Mark 1131.245ms
[58.077s][debug  ][semeru     ] CPU Server Finishes Final Marking!
[58.077s][info   ][gc,start   ] GC(1) Concurrent evacuation
[58.077s][info   ][gc,task    ] GC(1) Using 32 of 32 workers for concurrent evacuation
[58.373s][info   ][gc         ] GC(1) Concurrent evacuation 4750M->4750M(32768M) 295.930ms
[58.373s][debug  ][semeru     ] Finish Evac Local!
[58.373s][debug  ][semeru     ] Finish Evac Remote!
[58.373s][debug  ][semeru     ] _evacuation_finished: 1
[58.873s][info   ][gc,start   ] GC(1) Pause Final Evac
HEAP used: 0x128e93ed0, calc_used: 0x128e93ed0
[58.874s][debug  ][semeru     ] WholeHeapAlive: 302 MB
[58.874s][info   ][gc         ] GC(1) Pause Final Evac 0.537ms
[58.874s][info   ][gc,start   ] GC(1) Concurrent cleanup
[58.874s][info   ][gc         ] GC(1) Concurrent cleanup 4750M->302M(32768M) 0.194ms
[58.874s][info   ][gc,ergo    ] GC(1) Free: 30481M (958 regions), Max regular: 32768K, Max humongous: 26542080K, External frag: 15%, Internal frag: 0%
[58.874s][info   ][gc,ergo    ] GC(1) Evacuation Reserve: 1984M (62 regions), Max regular: 32768K
[58.874s][info   ][gc,ergo    ] Free: 30481M (958 regions), Max regular: 32768K, Max humongous: 26542080K, External frag: 15%, Internal frag: 0%
[58.874s][info   ][gc,ergo    ] Evacuation Reserve: 1984M (62 regions), Max regular: 32768K
[70.857s][info   ][gc         ] Trigger: Learning 3 of 5. Free (26214M) is below initial threshold (26214M)
[70.857s][info   ][gc,ergo    ] Free: 26214M (825 regions), Max regular: 32768K, Max humongous: 26542080K, External frag: 2%, Internal frag: 0%
[70.857s][info   ][gc,ergo    ] Evacuation Reserve: 1984M (62 regions), Max regular: 32768K
[70.857s][info   ][gc,start   ] GC(2) Concurrent reset
[70.857s][info   ][gc,task    ] GC(2) Using 32 of 32 workers for concurrent reset
[70.863s][info   ][gc         ] GC(2) Concurrent reset 4569M->4569M(32768M) 5.967ms
[70.864s][info   ][gc,start   ] GC(2) Pause Init Mark
[70.864s][info   ][gc,task    ] GC(2) Using 32 of 32 workers for init marking
[70.869s][debug  ][semeru     ] Pause Time for mark roots: 3.997795 ms
[71.933s][debug  ][semeru,rdma] Flushed regions structures to mem servers.
[71.937s][debug  ][semeru,rdma] rootobjqueue start_addr: 0x400030b00000, size: 0x1000000, root_object_queue: 0x400030b01000
[71.937s][debug  ][semeru     ] Root Object Queue Len: 20088
[71.937s][debug  ][semeru,rdma] cpu server flags _should_start_tracing 1
[71.937s][debug  ][semeru,rdma] cpu server flags _tracing_all_finished 0
[72.037s][debug  ][semeru,rdma] cpu server flags start_addr: 0x400030801000, size: 0x6
[72.037s][debug  ][semeru,rdma] cpu server flags _tracing_all_finished 0
[72.138s][debug  ][semeru     ] Memory Server Finishes Marking!
[72.138s][info   ][gc         ] GC(2) Pause Init Mark 1274.370ms
[72.140s][debug  ][semeru     ] CPU Server Finishes Initial Marking!
[72.140s][debug  ][semeru     ] Memory Server Finishes Marking!
[72.140s][debug  ][semeru     ] Memory Server Finishes PreClean!
[72.140s][debug  ][semeru,rdma] Read server: 0 bitmap: 0x400000000000, byte_size: 0x20000000
[72.274s][debug  ][semeru,rdma] Read server: 0 alive_table: 0x400032b00000, byte_size: 0x10000000
[72.342s][info   ][gc,start   ] GC(2) Pause Final Mark
[72.342s][info   ][gc,task    ] GC(2) Using 32 of 32 workers for final marking
[72.342s][debug  ][semeru     ] Pause Time for clear trace buffer: 0.000169 ms
[72.342s][debug  ][semeru,rdma] after clear traced buffer
[72.342s][debug  ][semeru     ] Pause Time for finish marking: 0.004828 ms
[72.343s][debug  ][semeru     ] increase region: 0x85 words: 0x292a07
[72.343s][debug  ][semeru     ] increase region: 0x86 words: 0x400000
[72.343s][debug  ][semeru     ] increase region: 0x87 words: 0x1086
[72.343s][debug  ][semeru     ] increase region: 0x8c words: 0x2c23a3
[72.343s][debug  ][semeru     ] increase region: 0x8d words: 0x400000
[72.343s][debug  ][semeru     ] increase region: 0x8e words: 0x3872ef
[72.343s][debug  ][semeru     ] Pause Time for complete liveness: 0.098252 ms
[72.343s][debug  ][semeru     ] Pause Time for retire labs: 0.111194 ms
[72.343s][debug  ][semeru     ] Pause Time for rebuild free set: 0.074289 ms
[72.343s][info   ][gc,ergo    ] GC(2) Adaptive CSet Selection. Target Free: 19333M, Actual Free: 28032M, Max CSet: 1638M, Min Garbage: 0M
[72.344s][info   ][gc,ergo    ] GC(2) Collectable Garbage: 4318M (97% of total), 33M CSet, 136 CSet regions
[72.344s][info   ][gc,ergo    ] GC(2) Immediate Garbage: 32M (0% of total), 1 regions
[72.344s][debug  ][semeru     ] Pause Time for choose cset: 1.354340 ms
[72.344s][debug  ][semeru     ] Pause Time for add collectionset: 0.025577 ms
[72.344s][debug  ][semeru     ] Pause Time before evacuate roots: 0.038976 ms
[72.356s][debug  ][semeru     ] Pause Time during evacuate roots: 12.185501 ms
[72.356s][debug  ][semeru     ] Pause Time after evacuate roots: 0.020242 ms
[72.356s][debug  ][semeru     ] Total Pause Time: 13.912916 ms
[72.359s][debug  ][semeru     ] Pause Time for update roots: 2.360061 ms
[72.359s][debug  ][semeru     ] Finish update roots!
[72.425s][debug  ][semeru,rdma] Flushed collection set to mem servers.
[73.369s][debug  ][semeru,rdma] Flushed regions in collection set to mem servers.
[73.369s][debug  ][semeru,rdma] Write server: 0 bitmap: 0x400000000000, byte_size: 0x20000000
[73.488s][debug  ][semeru,rdma] cpu server flags start_addr: 0x400030801000, size: 0x1000
[73.488s][info   ][gc         ] GC(2) Pause Final Mark 1145.992ms
[73.489s][debug  ][semeru     ] CPU Server Finishes Final Marking!
[73.489s][info   ][gc,start   ] GC(2) Concurrent evacuation
[73.489s][info   ][gc,task    ] GC(2) Using 32 of 32 workers for concurrent evacuation
[73.613s][info   ][gc         ] GC(2) Concurrent evacuation 4739M->4739M(32768M) 124.299ms
[73.613s][debug  ][semeru     ] Finish Evac Local!
[73.613s][debug  ][semeru     ] Finish Evac Remote!
[73.613s][debug  ][semeru     ] _evacuation_finished: 1
[74.114s][info   ][gc,start   ] GC(2) Pause Final Evac
HEAP used: 0x128340b48, calc_used: 0x128340b48
[74.114s][debug  ][semeru     ] WholeHeapAlive: 355 MB
[74.114s][info   ][gc         ] GC(2) Pause Final Evac 0.503ms
[74.115s][info   ][gc,start   ] GC(2) Concurrent cleanup
[74.115s][info   ][gc         ] GC(2) Concurrent cleanup 4739M->355M(32768M) 0.208ms
[74.115s][info   ][gc,ergo    ] GC(2) Free: 30428M (957 regions), Max regular: 32768K, Max humongous: 26476544K, External frag: 16%, Internal frag: 0%
[74.115s][info   ][gc,ergo    ] GC(2) Evacuation Reserve: 1984M (62 regions), Max regular: 32768K
[74.115s][info   ][gc,ergo    ] Free: 30428M (957 regions), Max regular: 32768K, Max humongous: 26476544K, External frag: 16%, Internal frag: 0%
[74.115s][info   ][gc,ergo    ] Evacuation Reserve: 1984M (62 regions), Max regular: 32768K
[86.093s][info   ][gc         ] Trigger: Learning 4 of 5. Free (26214M) is below initial threshold (26214M)
[86.093s][info   ][gc,ergo    ] Free: 26214M (826 regions), Max regular: 32768K, Max humongous: 26476544K, External frag: 2%, Internal frag: 0%
[86.093s][info   ][gc,ergo    ] Evacuation Reserve: 1984M (62 regions), Max regular: 32768K
[86.093s][info   ][gc,start   ] GC(3) Concurrent reset
[86.093s][info   ][gc,task    ] GC(3) Using 32 of 32 workers for concurrent reset
[86.098s][info   ][gc         ] GC(3) Concurrent reset 4569M->4569M(32768M) 5.370ms
[86.100s][info   ][gc,start   ] GC(3) Pause Init Mark
[86.100s][info   ][gc,task    ] GC(3) Using 32 of 32 workers for init marking
[86.105s][debug  ][semeru     ] Pause Time for mark roots: 4.670282 ms
[87.168s][debug  ][semeru,rdma] Flushed regions structures to mem servers.
[87.171s][debug  ][semeru,rdma] rootobjqueue start_addr: 0x400030b00000, size: 0x1000000, root_object_queue: 0x400030b01000
[87.171s][debug  ][semeru     ] Root Object Queue Len: 20105
[87.171s][debug  ][semeru,rdma] cpu server flags _should_start_tracing 1
[87.171s][debug  ][semeru,rdma] cpu server flags _tracing_all_finished 0
[87.271s][debug  ][semeru,rdma] cpu server flags start_addr: 0x400030801000, size: 0x6
[87.271s][debug  ][semeru,rdma] cpu server flags _tracing_all_finished 0
[87.383s][debug  ][semeru     ] Memory Server Finishes Marking!
[87.383s][info   ][gc         ] GC(3) Pause Init Mark 1282.755ms
[87.383s][debug  ][semeru     ] CPU Server Finishes Initial Marking!
[87.383s][debug  ][semeru     ] Memory Server Finishes Marking!
[87.383s][debug  ][semeru     ] Memory Server Finishes PreClean!
[87.383s][debug  ][semeru,rdma] Read server: 0 bitmap: 0x400000000000, byte_size: 0x20000000
[87.521s][debug  ][semeru,rdma] Read server: 0 alive_table: 0x400032b00000, byte_size: 0x10000000
[87.592s][info   ][gc,start   ] GC(3) Pause Final Mark
[87.593s][info   ][gc,task    ] GC(3) Using 32 of 32 workers for final marking
[87.593s][debug  ][semeru     ] Pause Time for clear trace buffer: 0.000328 ms
[87.593s][debug  ][semeru,rdma] after clear traced buffer
[87.593s][debug  ][semeru     ] Pause Time for finish marking: 0.004703 ms
[87.593s][debug  ][semeru     ] increase region: 0x83 words: 0x11cb44
[87.593s][debug  ][semeru     ] increase region: 0x84 words: 0x400000
[87.593s][debug  ][semeru     ] increase region: 0x88 words: 0x400000
[87.593s][debug  ][semeru     ] increase region: 0x89 words: 0x2f7473
[87.593s][debug  ][semeru     ] Pause Time for complete liveness: 0.078159 ms
[87.593s][debug  ][semeru     ] Pause Time for retire labs: 0.072467 ms
[87.593s][debug  ][semeru     ] Pause Time for rebuild free set: 0.067334 ms
[87.593s][info   ][gc,ergo    ] GC(3) Adaptive CSet Selection. Target Free: 19333M, Actual Free: 28000M, Max CSet: 1638M, Min Garbage: 0M
[87.594s][info   ][gc,ergo    ] GC(3) Collectable Garbage: 4342M (99% of total), 37M CSet, 137 CSet regions
[87.594s][info   ][gc,ergo    ] GC(3) Immediate Garbage: 0M (0% of total), 0 regions
[87.594s][debug  ][semeru     ] Pause Time for choose cset: 1.309071 ms
[87.594s][debug  ][semeru     ] Pause Time for add collectionset: 0.027119 ms
[87.594s][debug  ][semeru     ] Pause Time before evacuate roots: 0.027187 ms
[87.606s][debug  ][semeru     ] Pause Time during evacuate roots: 11.472647 ms
[87.606s][debug  ][semeru     ] Pause Time after evacuate roots: 0.020866 ms
[87.606s][debug  ][semeru     ] Total Pause Time: 13.079296 ms
[87.609s][debug  ][semeru     ] Pause Time for update roots: 3.166701 ms
[87.609s][debug  ][semeru     ] Finish update roots!
[87.676s][debug  ][semeru,rdma] Flushed collection set to mem servers.
[88.612s][debug  ][semeru,rdma] Flushed regions in collection set to mem servers.
[88.612s][debug  ][semeru,rdma] Write server: 0 bitmap: 0x400000000000, byte_size: 0x20000000
[88.726s][debug  ][semeru,rdma] cpu server flags start_addr: 0x400030801000, size: 0x1000
[88.726s][info   ][gc         ] GC(3) Pause Final Mark 1133.762ms
[88.727s][debug  ][semeru     ] CPU Server Finishes Final Marking!
[88.727s][info   ][gc,start   ] GC(3) Concurrent evacuation
[88.727s][info   ][gc,task    ] GC(3) Using 32 of 32 workers for concurrent evacuation
[88.831s][info   ][gc         ] GC(3) Concurrent evacuation 4706M->4706M(32768M) 104.654ms
[88.831s][debug  ][semeru     ] Finish Evac Local!
[88.832s][debug  ][semeru     ] Finish Evac Remote!
[88.832s][debug  ][semeru     ] _evacuation_finished: 1
[89.332s][info   ][gc,start   ] GC(3) Pause Final Evac
HEAP used: 0x126200858, calc_used: 0x126200858
[89.333s][debug  ][semeru     ] WholeHeapAlive: 326 MB
[89.333s][info   ][gc         ] GC(3) Pause Final Evac 0.509ms
[89.333s][info   ][gc,start   ] GC(3) Concurrent cleanup
[89.333s][info   ][gc         ] GC(3) Concurrent cleanup 4675M->328M(32768M) 0.196ms
[89.333s][info   ][gc,ergo    ] GC(3) Free: 30455M (960 regions), Max regular: 32768K, Max humongous: 26411008K, External frag: 16%, Internal frag: 0%
[89.333s][info   ][gc,ergo    ] GC(3) Evacuation Reserve: 1984M (62 regions), Max regular: 32768K
[89.333s][info   ][gc,ergo    ] Free: 30455M (960 regions), Max regular: 32768K, Max humongous: 26411008K, External frag: 16%, Internal frag: 0%
[89.333s][info   ][gc,ergo    ] Evacuation Reserve: 1984M (62 regions), Max regular: 32768K
[99.841s][info   ][gc         ] Trigger: Learning 5 of 5. Free (26213M) is below initial threshold (26214M)
[99.841s][info   ][gc,ergo    ] Free: 26213M (827 regions), Max regular: 32768K, Max humongous: 26411008K, External frag: 2%, Internal frag: 0%
[99.841s][info   ][gc,ergo    ] Evacuation Reserve: 1984M (62 regions), Max regular: 32768K
[99.841s][info   ][gc,start   ] GC(4) Concurrent reset
[99.841s][info   ][gc,task    ] GC(4) Using 32 of 32 workers for concurrent reset
[99.847s][info   ][gc         ] GC(4) Concurrent reset 4570M->4570M(32768M) 5.506ms
[99.849s][info   ][gc,start   ] GC(4) Pause Init Mark
[99.849s][info   ][gc,task    ] GC(4) Using 32 of 32 workers for init marking
[99.854s][debug  ][semeru     ] Pause Time for mark roots: 4.622987 ms
[100.924s][debug  ][semeru,rdma] Flushed regions structures to mem servers.
[100.928s][debug  ][semeru,rdma] rootobjqueue start_addr: 0x400030b00000, size: 0x1000000, root_object_queue: 0x400030b01000
[100.928s][debug  ][semeru     ] Root Object Queue Len: 20081
[100.928s][debug  ][semeru,rdma] cpu server flags _should_start_tracing 1
[100.928s][debug  ][semeru,rdma] cpu server flags _tracing_all_finished 0
[101.028s][debug  ][semeru,rdma] cpu server flags start_addr: 0x400030801000, size: 0x6
[101.028s][debug  ][semeru,rdma] cpu server flags _tracing_all_finished 0
[101.149s][debug  ][semeru     ] Memory Server Finishes Marking!
[101.149s][info   ][gc         ] GC(4) Pause Init Mark 1300.247ms
[101.150s][debug  ][semeru     ] CPU Server Finishes Initial Marking!
[101.150s][debug  ][semeru     ] Memory Server Finishes Marking!
[101.150s][debug  ][semeru     ] Memory Server Finishes PreClean!
[101.150s][debug  ][semeru,rdma] Read server: 0 bitmap: 0x400000000000, byte_size: 0x20000000
[101.288s][debug  ][semeru,rdma] Read server: 0 alive_table: 0x400032b00000, byte_size: 0x10000000
[101.359s][info   ][gc,start   ] GC(4) Pause Final Mark
[101.359s][info   ][gc,task    ] GC(4) Using 32 of 32 workers for final marking
[101.359s][debug  ][semeru     ] Pause Time for clear trace buffer: 0.000170 ms
[101.359s][debug  ][semeru,rdma] after clear traced buffer
[101.359s][debug  ][semeru     ] Pause Time for finish marking: 0.004169 ms
[101.359s][debug  ][semeru     ] increase region: 0x86 words: 0x167a8b
[101.359s][debug  ][semeru     ] increase region: 0x87 words: 0x400000
[101.359s][debug  ][semeru     ] increase region: 0x89 words: 0x108b8d
[101.359s][debug  ][semeru     ] increase region: 0x8a words: 0x400000
[101.359s][debug  ][semeru     ] increase region: 0x8b words: 0x16c2b6
[101.359s][debug  ][semeru     ] Pause Time for complete liveness: 0.073188 ms
[101.359s][debug  ][semeru     ] Pause Time for retire labs: 0.068016 ms
[101.359s][debug  ][semeru     ] Pause Time for rebuild free set: 0.068079 ms
[101.359s][info   ][gc,ergo    ] GC(4) Adaptive CSet Selection. Target Free: 19333M, Actual Free: 27968M, Max CSet: 1638M, Min Garbage: 0M
[101.362s][info   ][gc,ergo    ] GC(4) Collectable Garbage: 4286M (98% of total), 32M CSet, 135 CSet regions
[101.362s][info   ][gc,ergo    ] GC(4) Immediate Garbage: 0M (0% of total), 0 regions
[101.362s][debug  ][semeru     ] Pause Time for choose cset: 2.278303 ms
[101.362s][debug  ][semeru     ] Pause Time for add collectionset: 0.023417 ms
[101.362s][debug  ][semeru     ] Pause Time before evacuate roots: 0.020957 ms
[101.373s][debug  ][semeru     ] Pause Time during evacuate roots: 11.778397 ms
[101.373s][debug  ][semeru     ] Pause Time after evacuate roots: 0.019711 ms
[101.373s][debug  ][semeru     ] Total Pause Time: 14.333946 ms
[101.376s][debug  ][semeru     ] Pause Time for update roots: 2.212968 ms
[101.376s][debug  ][semeru     ] Finish update roots!
[101.442s][debug  ][semeru,rdma] Flushed collection set to mem servers.
[102.373s][debug  ][semeru,rdma] Flushed regions in collection set to mem servers.
[102.373s][debug  ][semeru,rdma] Write server: 0 bitmap: 0x400000000000, byte_size: 0x20000000
[102.488s][debug  ][semeru,rdma] cpu server flags start_addr: 0x400030801000, size: 0x1000
[102.488s][info   ][gc         ] GC(4) Pause Final Mark 1129.143ms
[102.489s][debug  ][semeru     ] CPU Server Finishes Final Marking!
[102.489s][info   ][gc,start   ] GC(4) Concurrent evacuation
[102.489s][info   ][gc,task    ] GC(4) Using 32 of 32 workers for concurrent evacuation
[102.651s][info   ][gc         ] GC(4) Concurrent evacuation 4700M->4700M(32768M) 162.124ms
[102.651s][debug  ][semeru     ] Finish Evac Local!
[102.651s][debug  ][semeru     ] Finish Evac Remote!
[102.651s][debug  ][semeru     ] _evacuation_finished: 1
[103.152s][info   ][gc,start   ] GC(4) Pause Final Evac
HEAP used: 0x125c48a30, calc_used: 0x125c48a30
[103.153s][debug  ][semeru     ] WholeHeapAlive: 380 MB
[103.153s][info   ][gc         ] GC(4) Pause Final Evac 0.515ms
[103.153s][info   ][gc,start   ] GC(4) Concurrent cleanup
[103.153s][info   ][gc         ] GC(4) Concurrent cleanup 4677M->398M(32768M) 0.206ms
[103.153s][info   ][gc,ergo    ] GC(4) Free: 30385M (958 regions), Max regular: 32768K, Max humongous: 26345472K, External frag: 16%, Internal frag: 0%
[103.153s][info   ][gc,ergo    ] GC(4) Evacuation Reserve: 1984M (62 regions), Max regular: 32768K
[103.154s][info   ][gc,ergo    ] Free: 30384M (958 regions), Max regular: 32768K, Max humongous: 26345472K, External frag: 16%, Internal frag: 0%
[103.154s][info   ][gc,ergo    ] Evacuation Reserve: 1984M (62 regions), Max regular: 32768K
[114.299s][info   ][gc         ] Trigger: Free (26214M) is below minimum threshold (26214M)
[114.300s][info   ][gc,ergo    ] Free: 26214M (828 regions), Max regular: 32768K, Max humongous: 26345472K, External frag: 2%, Internal frag: 1%
[114.300s][info   ][gc,ergo    ] Evacuation Reserve: 1984M (62 regions), Max regular: 32768K
[114.300s][info   ][gc,start   ] GC(5) Concurrent reset
[114.300s][info   ][gc,task    ] GC(5) Using 32 of 32 workers for concurrent reset
[114.306s][info   ][gc         ] GC(5) Concurrent reset 4569M->4571M(32768M) 6.023ms
[114.307s][info   ][gc,start   ] GC(5) Pause Init Mark
[114.307s][info   ][gc,task    ] GC(5) Using 32 of 32 workers for init marking
[114.312s][debug  ][semeru     ] Pause Time for mark roots: 4.125133 ms
[115.368s][debug  ][semeru,rdma] Flushed regions structures to mem servers.
[115.372s][debug  ][semeru,rdma] rootobjqueue start_addr: 0x400030b00000, size: 0x1000000, root_object_queue: 0x400030b01000
[115.372s][debug  ][semeru     ] Root Object Queue Len: 20069
[115.372s][debug  ][semeru,rdma] cpu server flags _should_start_tracing 1
[115.372s][debug  ][semeru,rdma] cpu server flags _tracing_all_finished 0
[115.472s][debug  ][semeru,rdma] cpu server flags start_addr: 0x400030801000, size: 0x6
[115.472s][debug  ][semeru,rdma] cpu server flags _tracing_all_finished 0
[115.603s][debug  ][semeru     ] Memory Server Finishes Marking!
[115.604s][info   ][gc         ] GC(5) Pause Init Mark 1296.633ms
[115.605s][debug  ][semeru     ] CPU Server Finishes Initial Marking!
[115.605s][debug  ][semeru     ] Memory Server Finishes Marking!
[115.605s][debug  ][semeru     ] Memory Server Finishes PreClean!
[115.605s][debug  ][semeru,rdma] Read server: 0 bitmap: 0x400000000000, byte_size: 0x20000000
[115.738s][debug  ][semeru,rdma] Read server: 0 alive_table: 0x400032b00000, byte_size: 0x10000000
[115.810s][info   ][gc,start   ] GC(5) Pause Final Mark
[115.810s][info   ][gc,task    ] GC(5) Using 32 of 32 workers for final marking
[115.810s][debug  ][semeru     ] Pause Time for clear trace buffer: 0.000289 ms
[115.810s][debug  ][semeru,rdma] after clear traced buffer
[115.810s][debug  ][semeru     ] Pause Time for finish marking: 0.006727 ms
[115.810s][debug  ][semeru     ] increase region: 0x82 words: 0xfcdc
[115.810s][debug  ][semeru     ] increase region: 0x83 words: 0x400000
[115.810s][debug  ][semeru     ] increase region: 0x84 words: 0x400000
[115.810s][debug  ][semeru     ] increase region: 0x85 words: 0x6ea27
[115.810s][debug  ][semeru     ] Pause Time for complete liveness: 0.094605 ms
[115.810s][debug  ][semeru     ] Pause Time for retire labs: 0.079146 ms
[115.810s][debug  ][semeru     ] Pause Time for rebuild free set: 0.076295 ms
[115.810s][info   ][gc,ergo    ] GC(5) Adaptive CSet Selection. Target Free: 19333M, Actual Free: 27936M, Max CSet: 1638M, Min Garbage: 0M
[115.813s][info   ][gc,ergo    ] GC(5) Collectable Garbage: 4254M (98% of total), 32M CSet, 134 CSet regions
[115.813s][info   ][gc,ergo    ] GC(5) Immediate Garbage: 0M (0% of total), 0 regions
[115.813s][debug  ][semeru     ] Pause Time for choose cset: 2.404573 ms
[115.813s][debug  ][semeru     ] Pause Time for add collectionset: 0.030273 ms
[115.813s][debug  ][semeru     ] Pause Time before evacuate roots: 0.026506 ms
[115.825s][debug  ][semeru     ] Pause Time during evacuate roots: 11.849955 ms
[115.825s][debug  ][semeru     ] Pause Time after evacuate roots: 0.024726 ms
[115.825s][debug  ][semeru     ] Total Pause Time: 14.592347 ms
[115.828s][debug  ][semeru     ] Pause Time for update roots: 3.378054 ms
[115.828s][debug  ][semeru     ] Finish update roots!
[115.894s][debug  ][semeru,rdma] Flushed collection set to mem servers.
[116.816s][debug  ][semeru,rdma] Flushed regions in collection set to mem servers.
[116.816s][debug  ][semeru,rdma] Write server: 0 bitmap: 0x400000000000, byte_size: 0x20000000
[116.931s][debug  ][semeru,rdma] cpu server flags start_addr: 0x400030801000, size: 0x1000
[116.931s][info   ][gc         ] GC(5) Pause Final Mark 1121.093ms
[116.931s][debug  ][semeru     ] CPU Server Finishes Final Marking!
[116.931s][info   ][gc,start   ] GC(5) Concurrent evacuation
[116.931s][info   ][gc,task    ] GC(5) Using 32 of 32 workers for concurrent evacuation
[117.104s][info   ][gc         ] GC(5) Concurrent evacuation 4674M->4674M(32768M) 173.031ms
[117.104s][debug  ][semeru     ] Finish Evac Local!
[117.104s][debug  ][semeru     ] Finish Evac Remote!
[117.104s][debug  ][semeru     ] _evacuation_finished: 1
[117.607s][info   ][gc,start   ] GC(5) Pause Final Evac
HEAP used: 0x1242b1e30, calc_used: 0x1242b1e30
[117.607s][debug  ][semeru     ] WholeHeapAlive: 387 MB
[117.607s][info   ][gc         ] GC(5) Pause Final Evac 0.499ms
[117.607s][info   ][gc,start   ] GC(5) Concurrent cleanup
[117.607s][info   ][gc         ] GC(5) Concurrent cleanup 4645M->393M(32768M) 0.218ms
[117.607s][info   ][gc,ergo    ] GC(5) Free: 30389M (960 regions), Max regular: 32768K, Max humongous: 26279936K, External frag: 16%, Internal frag: 1%
[117.607s][info   ][gc,ergo    ] GC(5) Evacuation Reserve: 1984M (62 regions), Max regular: 32768K
[117.608s][info   ][gc,ergo    ] Free: 30389M (960 regions), Max regular: 32768K, Max humongous: 26279936K, External frag: 16%, Internal frag: 1%
[117.608s][info   ][gc,ergo    ] Evacuation Reserve: 1984M (62 regions), Max regular: 32768K
[130.611s][info   ][gc         ] Trigger: Free (26213M) is below minimum threshold (26214M)
[130.611s][info   ][gc,ergo    ] Free: 26213M (829 regions), Max regular: 32768K, Max humongous: 26279936K, External frag: 3%, Internal frag: 1%
[130.611s][info   ][gc,ergo    ] Evacuation Reserve: 1984M (62 regions), Max regular: 32768K
[130.611s][info   ][gc,start   ] GC(6) Concurrent reset
[130.611s][info   ][gc,task    ] GC(6) Using 32 of 32 workers for concurrent reset
[130.617s][info   ][gc         ] GC(6) Concurrent reset 4569M->4571M(32768M) 5.602ms
[130.619s][info   ][gc,start   ] GC(6) Pause Init Mark
[130.619s][info   ][gc,task    ] GC(6) Using 32 of 32 workers for init marking
[130.624s][debug  ][semeru     ] Pause Time for mark roots: 5.209176 ms
[131.676s][debug  ][semeru,rdma] Flushed regions structures to mem servers.
[131.680s][debug  ][semeru,rdma] rootobjqueue start_addr: 0x400030b00000, size: 0x1000000, root_object_queue: 0x400030b01000
[131.680s][debug  ][semeru     ] Root Object Queue Len: 20077
[131.680s][debug  ][semeru,rdma] cpu server flags _should_start_tracing 1
[131.680s][debug  ][semeru,rdma] cpu server flags _tracing_all_finished 0
[131.780s][debug  ][semeru,rdma] cpu server flags start_addr: 0x400030801000, size: 0x6
[131.780s][debug  ][semeru,rdma] cpu server flags _tracing_all_finished 0
[131.921s][debug  ][semeru     ] Memory Server Finishes Marking!
[131.921s][info   ][gc         ] GC(6) Pause Init Mark 1302.837ms
[131.924s][debug  ][semeru     ] CPU Server Finishes Initial Marking!
[131.924s][debug  ][semeru     ] Memory Server Finishes Marking!
[131.924s][debug  ][semeru     ] Memory Server Finishes PreClean!
[131.924s][debug  ][semeru,rdma] Read server: 0 bitmap: 0x400000000000, byte_size: 0x20000000
[132.063s][debug  ][semeru,rdma] Read server: 0 alive_table: 0x400032b00000, byte_size: 0x10000000
[132.133s][info   ][gc,start   ] GC(6) Pause Final Mark
[132.133s][info   ][gc,task    ] GC(6) Using 32 of 32 workers for final marking
[132.133s][debug  ][semeru     ] Pause Time for clear trace buffer: 0.000202 ms
[132.133s][debug  ][semeru,rdma] after clear traced buffer
[132.133s][debug  ][semeru     ] Pause Time for finish marking: 0.015747 ms
[132.133s][debug  ][semeru     ] increase region: 0x85 words: 0x6e9b1
[132.133s][debug  ][semeru     ] increase region: 0x86 words: 0x3f33c0
[132.133s][debug  ][semeru     ] increase region: 0x87 words: 0x400000
[132.133s][debug  ][semeru     ] increase region: 0x88 words: 0x3a4418
[132.134s][debug  ][semeru     ] Pause Time for complete liveness: 0.208203 ms
[132.134s][debug  ][semeru     ] Pause Time for retire labs: 0.262350 ms
[132.134s][debug  ][semeru     ] Pause Time for rebuild free set: 0.079134 ms
[132.134s][info   ][gc,ergo    ] GC(6) Adaptive CSet Selection. Target Free: 19333M, Actual Free: 27936M, Max CSet: 1638M, Min Garbage: 0M
[132.136s][info   ][gc,ergo    ] GC(6) Collectable Garbage: 4159M (97% of total), 32M CSet, 131 CSet regions
[132.136s][info   ][gc,ergo    ] GC(6) Immediate Garbage: 32M (0% of total), 1 regions
[132.136s][debug  ][semeru     ] Pause Time for choose cset: 2.406469 ms
[132.136s][debug  ][semeru     ] Pause Time for add collectionset: 0.024232 ms
[132.136s][debug  ][semeru     ] Pause Time before evacuate roots: 0.025689 ms
[132.149s][debug  ][semeru     ] Pause Time during evacuate roots: 12.953186 ms
[132.149s][debug  ][semeru     ] Pause Time after evacuate roots: 0.020640 ms
[132.149s][debug  ][semeru     ] Total Pause Time: 15.995356 ms
[132.155s][debug  ][semeru     ] Pause Time for update roots: 5.721476 ms
[132.155s][debug  ][semeru     ] Finish update roots!
[132.221s][debug  ][semeru,rdma] Flushed collection set to mem servers.
[133.127s][debug  ][semeru,rdma] Flushed regions in collection set to mem servers.
[133.127s][debug  ][semeru,rdma] Write server: 0 bitmap: 0x400000000000, byte_size: 0x20000000
[133.246s][debug  ][semeru,rdma] cpu server flags start_addr: 0x400030801000, size: 0x1000
[133.246s][info   ][gc         ] GC(6) Pause Final Mark 1113.003ms
[133.247s][debug  ][semeru     ] CPU Server Finishes Final Marking!
[133.247s][info   ][gc,start   ] GC(6) Concurrent evacuation
[133.247s][info   ][gc,task    ] GC(6) Using 32 of 32 workers for concurrent evacuation
[133.425s][info   ][gc         ] GC(6) Concurrent evacuation 4701M->4701M(32768M) 178.115ms
[133.425s][debug  ][semeru     ] Finish Evac Local!
[133.425s][debug  ][semeru     ] Finish Evac Remote!
[133.425s][debug  ][semeru     ] _evacuation_finished: 1
[133.927s][info   ][gc,start   ] GC(6) Pause Final Evac
HEAP used: 0x125d54c70, calc_used: 0x125d54c70
[133.927s][debug  ][semeru     ] WholeHeapAlive: 477 MB
[133.927s][info   ][gc         ] GC(6) Pause Final Evac 0.497ms
[133.928s][info   ][gc,start   ] GC(6) Concurrent cleanup
[133.928s][info   ][gc         ] GC(6) Concurrent cleanup 4670M->479M(32768M) 0.189ms
[133.928s][info   ][gc,ergo    ] GC(6) Free: 30304M (960 regions), Max regular: 32768K, Max humongous: 26214400K, External frag: 16%, Internal frag: 1%
[133.928s][info   ][gc,ergo    ] GC(6) Evacuation Reserve: 1984M (62 regions), Max regular: 32768K
[133.928s][info   ][gc,ergo    ] Free: 30304M (960 regions), Max regular: 32768K, Max humongous: 26214400K, External frag: 16%, Internal frag: 1%
[133.928s][info   ][gc,ergo    ] Evacuation Reserve: 1984M (62 regions), Max regular: 32768K
[145.303s][info   ][gc         ] Trigger: Free (26214M) is below minimum threshold (26214M)
[145.303s][info   ][gc,ergo    ] Free: 26214M (833 regions), Max regular: 32768K, Max humongous: 26214400K, External frag: 3%, Internal frag: 1%
[145.303s][info   ][gc,ergo    ] Evacuation Reserve: 1984M (62 regions), Max regular: 32768K
[145.303s][info   ][gc,start   ] GC(7) Concurrent reset
[145.303s][info   ][gc,task    ] GC(7) Using 32 of 32 workers for concurrent reset
[145.309s][info   ][gc         ] GC(7) Concurrent reset 4569M->4569M(32768M) 5.309ms
[145.310s][info   ][gc,start   ] GC(7) Pause Init Mark
[145.310s][info   ][gc,task    ] GC(7) Using 32 of 32 workers for init marking
[145.315s][debug  ][semeru     ] Pause Time for mark roots: 4.304849 ms
[146.382s][debug  ][semeru,rdma] Flushed regions structures to mem servers.
[146.385s][debug  ][semeru,rdma] rootobjqueue start_addr: 0x400030b00000, size: 0x1000000, root_object_queue: 0x400030b01000
[146.385s][debug  ][semeru     ] Root Object Queue Len: 20086
[146.385s][debug  ][semeru,rdma] cpu server flags _should_start_tracing 1
[146.385s][debug  ][semeru,rdma] cpu server flags _tracing_all_finished 0
[146.485s][debug  ][semeru,rdma] cpu server flags start_addr: 0x400030801000, size: 0x6
[146.485s][debug  ][semeru,rdma] cpu server flags _tracing_all_finished 0
[146.627s][debug  ][semeru     ] Memory Server Finishes Marking!
[146.627s][info   ][gc         ] GC(7) Pause Init Mark 1316.788ms
[146.628s][debug  ][semeru     ] CPU Server Finishes Initial Marking!
[146.628s][debug  ][semeru     ] Memory Server Finishes Marking!
[146.628s][debug  ][semeru     ] Memory Server Finishes PreClean!
[146.628s][debug  ][semeru,rdma] Read server: 0 bitmap: 0x400000000000, byte_size: 0x20000000
[146.759s][debug  ][semeru,rdma] Read server: 0 alive_table: 0x400032b00000, byte_size: 0x10000000
[146.829s][info   ][gc,start   ] GC(7) Pause Final Mark
[146.829s][info   ][gc,task    ] GC(7) Using 32 of 32 workers for final marking
[146.829s][debug  ][semeru     ] Pause Time for clear trace buffer: 0.000203 ms
[146.829s][debug  ][semeru,rdma] after clear traced buffer
[146.829s][debug  ][semeru     ] Pause Time for finish marking: 0.007640 ms
[146.829s][debug  ][semeru     ] increase region: 0x80 words: 0x6e456
[146.829s][debug  ][semeru     ] increase region: 0x81 words: 0x3fff5d
[146.829s][debug  ][semeru     ] increase region: 0x82 words: 0x2a5638
[146.829s][debug  ][semeru     ] Pause Time for complete liveness: 0.104176 ms
[146.829s][debug  ][semeru     ] Pause Time for retire labs: 0.233130 ms
[146.829s][debug  ][semeru     ] Pause Time for rebuild free set: 0.073185 ms
[146.829s][info   ][gc,ergo    ] GC(7) Adaptive CSet Selection. Target Free: 19333M, Actual Free: 27904M, Max CSet: 1638M, Min Garbage: 0M
[146.832s][info   ][gc,ergo    ] GC(7) Collectable Garbage: 4156M (97% of total), 31M CSet, 131 CSet regions
[146.832s][info   ][gc,ergo    ] GC(7) Immediate Garbage: 0M (0% of total), 0 regions
[146.832s][debug  ][semeru     ] Pause Time for choose cset: 3.099964 ms
[146.832s][debug  ][semeru     ] Pause Time for add collectionset: 0.037225 ms
[146.832s][debug  ][semeru     ] Pause Time before evacuate roots: 0.050465 ms
[146.846s][debug  ][semeru     ] Pause Time during evacuate roots: 13.786418 ms
[146.846s][debug  ][semeru     ] Pause Time after evacuate roots: 0.028220 ms
[146.846s][debug  ][semeru     ] Total Pause Time: 17.419863 ms
[146.850s][debug  ][semeru     ] Pause Time for update roots: 4.003486 ms
[146.850s][debug  ][semeru     ] Finish update roots!
[146.916s][debug  ][semeru,rdma] Flushed collection set to mem servers.
[147.844s][debug  ][semeru,rdma] Flushed regions in collection set to mem servers.
[147.844s][debug  ][semeru,rdma] Write server: 0 bitmap: 0x400000000000, byte_size: 0x20000000
[147.963s][debug  ][semeru,rdma] cpu server flags start_addr: 0x400030801000, size: 0x1000
[147.963s][info   ][gc         ] GC(7) Pause Final Mark 1134.430ms
[147.963s][debug  ][semeru     ] CPU Server Finishes Final Marking!
[147.963s][info   ][gc,start   ] GC(7) Concurrent evacuation
[147.963s][info   ][gc,task    ] GC(7) Using 32 of 32 workers for concurrent evacuation
[148.162s][info   ][gc         ] GC(7) Concurrent evacuation 4660M->4660M(32768M) 198.930ms
[148.162s][debug  ][semeru     ] Finish Evac Local!
[148.162s][debug  ][semeru     ] Finish Evac Remote!
[148.162s][debug  ][semeru     ] _evacuation_finished: 1
[148.664s][info   ][gc,start   ] GC(7) Pause Final Evac
HEAP used: 0x123469f08, calc_used: 0x123469f08
[148.664s][debug  ][semeru     ] WholeHeapAlive: 472 MB
[148.664s][info   ][gc         ] GC(7) Pause Final Evac 0.413ms
[148.664s][info   ][gc,start   ] GC(7) Concurrent cleanup
[148.664s][info   ][gc         ] GC(7) Concurrent cleanup 4660M->474M(32768M) 0.195ms
[148.664s][info   ][gc,ergo    ] GC(7) Free: 30309M (961 regions), Max regular: 32768K, Max humongous: 26148864K, External frag: 16%, Internal frag: 1%
[148.664s][info   ][gc,ergo    ] GC(7) Evacuation Reserve: 1984M (62 regions), Max regular: 32768K
[148.664s][info   ][gc,ergo    ] Free: 30309M (961 regions), Max regular: 32768K, Max humongous: 26148864K, External frag: 16%, Internal frag: 1%
[148.665s][info   ][gc,ergo    ] Evacuation Reserve: 1984M (62 regions), Max regular: 32768K
Finished repopulating database
Running 8192 trade sessions directly on server
[159.844s][info   ][gc         ] Trigger: Free (26214M) is below minimum threshold (26214M)
[159.844s][info   ][gc,ergo    ] Free: 26214M (831 regions), Max regular: 32768K, Max humongous: 26148864K, External frag: 3%, Internal frag: 1%
[159.844s][info   ][gc,ergo    ] Evacuation Reserve: 1984M (62 regions), Max regular: 32768K
[159.844s][info   ][gc,start   ] GC(8) Concurrent reset
[159.844s][info   ][gc,task    ] GC(8) Using 32 of 32 workers for concurrent reset
[159.849s][info   ][gc         ] GC(8) Concurrent reset 4569M->4570M(32768M) 4.903ms
[159.850s][info   ][gc,start   ] GC(8) Pause Init Mark
[159.850s][info   ][gc,task    ] GC(8) Using 32 of 32 workers for init marking
[159.854s][debug  ][semeru     ] Pause Time for mark roots: 3.723073 ms
[160.916s][debug  ][semeru,rdma] Flushed regions structures to mem servers.
[160.919s][debug  ][semeru,rdma] rootobjqueue start_addr: 0x400030b00000, size: 0x1000000, root_object_queue: 0x400030b01000
[160.919s][debug  ][semeru     ] Root Object Queue Len: 20014
[160.919s][debug  ][semeru,rdma] cpu server flags _should_start_tracing 1
[160.919s][debug  ][semeru,rdma] cpu server flags _tracing_all_finished 0
[161.020s][debug  ][semeru,rdma] cpu server flags start_addr: 0x400030801000, size: 0x6
[161.020s][debug  ][semeru,rdma] cpu server flags _tracing_all_finished 0
[161.172s][debug  ][semeru     ] Memory Server Finishes Marking!
[161.172s][info   ][gc         ] GC(8) Pause Init Mark 1321.667ms
[161.172s][debug  ][semeru     ] CPU Server Finishes Initial Marking!
[161.172s][debug  ][semeru     ] Memory Server Finishes Marking!
[161.172s][debug  ][semeru     ] Memory Server Finishes PreClean!
[161.172s][debug  ][semeru,rdma] Read server: 0 bitmap: 0x400000000000, byte_size: 0x20000000
[161.311s][debug  ][semeru,rdma] Read server: 0 alive_table: 0x400032b00000, byte_size: 0x10000000
[161.387s][info   ][gc,start   ] GC(8) Pause Final Mark
[161.387s][info   ][gc,task    ] GC(8) Using 32 of 32 workers for final marking
[161.387s][debug  ][semeru     ] Pause Time for clear trace buffer: 0.000318 ms
[161.387s][debug  ][semeru,rdma] after clear traced buffer
[161.387s][debug  ][semeru     ] Pause Time for finish marking: 0.004353 ms
[161.387s][debug  ][semeru     ] increase region: 0x83 words: 0x12b4e7
[161.387s][debug  ][semeru     ] increase region: 0x84 words: 0x400000
[161.387s][debug  ][semeru     ] increase region: 0x85 words: 0x400000
[161.387s][debug  ][semeru     ] increase region: 0x86 words: 0x3041c7
[161.387s][debug  ][semeru     ] Pause Time for complete liveness: 0.075088 ms
[161.388s][debug  ][semeru     ] Pause Time for retire labs: 0.068146 ms
[161.388s][debug  ][semeru     ] Pause Time for rebuild free set: 0.068944 ms
[161.388s][info   ][gc,ergo    ] GC(8) Adaptive CSet Selection. Target Free: 19333M, Actual Free: 27871M, Max CSet: 1638M, Min Garbage: 0M
[161.390s][info   ][gc,ergo    ] GC(8) Collectable Garbage: 4098M (97% of total), 29M CSet, 129 CSet regions
[161.390s][info   ][gc,ergo    ] GC(8) Immediate Garbage: 31M (0% of total), 1 regions
[161.390s][debug  ][semeru     ] Pause Time for choose cset: 2.101994 ms
[161.390s][debug  ][semeru     ] Pause Time for add collectionset: 0.023629 ms
[161.390s][debug  ][semeru     ] Pause Time before evacuate roots: 0.019616 ms
[161.401s][debug  ][semeru     ] Pause Time during evacuate roots: 11.369341 ms
[161.401s][debug  ][semeru     ] Pause Time after evacuate roots: 0.019619 ms
[161.401s][debug  ][semeru     ] Total Pause Time: 13.750511 ms
[161.404s][debug  ][semeru     ] Pause Time for update roots: 2.841210 ms
[161.404s][debug  ][semeru     ] Finish update roots!
[161.470s][debug  ][semeru,rdma] Flushed collection set to mem servers.
[162.354s][debug  ][semeru,rdma] Flushed regions in collection set to mem servers.
[162.354s][debug  ][semeru,rdma] Write server: 0 bitmap: 0x400000000000, byte_size: 0x20000000
[162.473s][debug  ][semeru,rdma] cpu server flags start_addr: 0x400030801000, size: 0x1000
[162.473s][info   ][gc         ] GC(8) Pause Final Mark 1085.264ms
[162.473s][debug  ][semeru     ] CPU Server Finishes Final Marking!
[162.473s][info   ][gc,start   ] GC(8) Concurrent evacuation
[162.473s][info   ][gc,task    ] GC(8) Using 32 of 32 workers for concurrent evacuation
[162.681s][info   ][gc         ] GC(8) Concurrent evacuation 4699M->4699M(32768M) 208.253ms
[162.681s][debug  ][semeru     ] Finish Evac Local!
[162.681s][debug  ][semeru     ] Finish Evac Remote!
[162.681s][debug  ][semeru     ] _evacuation_finished: 1
[163.182s][info   ][gc,start   ] GC(8) Pause Final Evac
HEAP used: 0x125b006d8, calc_used: 0x125b006d8
[163.183s][debug  ][semeru     ] WholeHeapAlive: 539 MB
[163.183s][info   ][gc         ] GC(8) Pause Final Evac 0.439ms
[163.183s][info   ][gc,start   ] GC(8) Concurrent cleanup
[163.183s][info   ][gc         ] GC(8) Concurrent cleanup 4687M->560M(32768M) 0.191ms
[163.183s][info   ][gc,ergo    ] GC(8) Free: 30223M (958 regions), Max regular: 32768K, Max humongous: 26116096K, External frag: 16%, Internal frag: 1%
[163.183s][info   ][gc,ergo    ] GC(8) Evacuation Reserve: 1984M (62 regions), Max regular: 32768K
[163.183s][info   ][gc,ergo    ] Free: 30223M (958 regions), Max regular: 32768K, Max humongous: 26116096K, External frag: 16%, Internal frag: 1%
[163.183s][info   ][gc,ergo    ] Evacuation Reserve: 1984M (62 regions), Max regular: 32768K
[172.703s][info   ][gc         ] Trigger: Free (26213M) is below minimum threshold (26214M)
[172.703s][info   ][gc,ergo    ] Free: 26213M (833 regions), Max regular: 32768K, Max humongous: 26116096K, External frag: 3%, Internal frag: 1%
[172.703s][info   ][gc,ergo    ] Evacuation Reserve: 1984M (62 regions), Max regular: 32768K
[172.704s][info   ][gc,start   ] GC(9) Concurrent reset
[172.704s][info   ][gc,task    ] GC(9) Using 32 of 32 workers for concurrent reset
[172.708s][info   ][gc         ] GC(9) Concurrent reset 4569M->4569M(32768M) 4.043ms
[172.709s][info   ][gc,start   ] GC(9) Pause Init Mark
[172.709s][info   ][gc,task    ] GC(9) Using 32 of 32 workers for init marking
[172.716s][debug  ][semeru     ] Pause Time for mark roots: 6.578009 ms
[173.777s][debug  ][semeru,rdma] Flushed regions structures to mem servers.
[173.781s][debug  ][semeru,rdma] rootobjqueue start_addr: 0x400030b00000, size: 0x1000000, root_object_queue: 0x400030b01000
[173.781s][debug  ][semeru     ] Root Object Queue Len: 20014
[173.781s][debug  ][semeru,rdma] cpu server flags _should_start_tracing 1
[173.781s][debug  ][semeru,rdma] cpu server flags _tracing_all_finished 0
[173.881s][debug  ][semeru,rdma] cpu server flags start_addr: 0x400030801000, size: 0x6
[173.881s][debug  ][semeru,rdma] cpu server flags _tracing_all_finished 0
[174.042s][debug  ][semeru     ] Memory Server Finishes Marking!
[174.043s][info   ][gc         ] GC(9) Pause Init Mark 1333.717ms
[174.043s][debug  ][semeru     ] CPU Server Finishes Initial Marking!
[174.043s][debug  ][semeru     ] Memory Server Finishes Marking!
[174.043s][debug  ][semeru     ] Memory Server Finishes PreClean!
[174.043s][debug  ][semeru,rdma] Read server: 0 bitmap: 0x400000000000, byte_size: 0x20000000
[174.175s][debug  ][semeru,rdma] Read server: 0 alive_table: 0x400032b00000, byte_size: 0x10000000
[174.246s][info   ][gc,start   ] GC(9) Pause Final Mark
[174.246s][info   ][gc,task    ] GC(9) Using 32 of 32 workers for final marking
[174.246s][debug  ][semeru     ] Pause Time for clear trace buffer: 0.000293 ms
[174.246s][debug  ][semeru,rdma] after clear traced buffer
[174.246s][debug  ][semeru     ] Pause Time for finish marking: 0.006817 ms
[174.246s][debug  ][semeru     ] increase region: 0x7e words: 0xfb8b
[174.246s][debug  ][semeru     ] increase region: 0x7f words: 0x400000
[174.246s][debug  ][semeru     ] increase region: 0x80 words: 0x400000
[174.246s][debug  ][semeru     ] increase region: 0x81 words: 0x7dc6b
[174.246s][debug  ][semeru     ] Pause Time for complete liveness: 0.109926 ms
[174.246s][debug  ][semeru     ] Pause Time for retire labs: 0.086715 ms
[174.246s][debug  ][semeru     ] Pause Time for rebuild free set: 0.079416 ms
[174.246s][info   ][gc,ergo    ] GC(9) Adaptive CSet Selection. Target Free: 19333M, Actual Free: 27872M, Max CSet: 1638M, Min Garbage: 0M
[174.248s][info   ][gc,ergo    ] GC(9) Collectable Garbage: 4051M (96% of total), 11M CSet, 127 CSet regions
[174.248s][info   ][gc,ergo    ] GC(9) Immediate Garbage: 32M (0% of total), 1 regions
[174.248s][debug  ][semeru     ] Pause Time for choose cset: 1.379287 ms
[174.248s][debug  ][semeru     ] Pause Time for add collectionset: 0.031410 ms
[174.248s][debug  ][semeru     ] Pause Time before evacuate roots: 0.028373 ms
[174.259s][debug  ][semeru     ] Pause Time during evacuate roots: 11.525970 ms
[174.259s][debug  ][semeru     ] Pause Time after evacuate roots: 0.027226 ms
[174.259s][debug  ][semeru     ] Total Pause Time: 13.274579 ms
[174.267s][debug  ][semeru     ] Pause Time for update roots: 7.336273 ms
[174.267s][debug  ][semeru     ] Finish update roots!
[174.333s][debug  ][semeru,rdma] Flushed collection set to mem servers.
[175.221s][debug  ][semeru,rdma] Flushed regions in collection set to mem servers.
[175.221s][debug  ][semeru,rdma] Write server: 0 bitmap: 0x400000000000, byte_size: 0x20000000
[175.336s][debug  ][semeru,rdma] cpu server flags start_addr: 0x400030801000, size: 0x1000
[175.336s][info   ][gc         ] GC(9) Pause Final Mark 1090.239ms
[175.337s][debug  ][semeru     ] CPU Server Finishes Final Marking!
[175.337s][info   ][gc,start   ] GC(9) Concurrent evacuation
[175.337s][info   ][gc,task    ] GC(9) Using 32 of 32 workers for concurrent evacuation
[175.478s][info   ][gc         ] GC(9) Concurrent evacuation 4651M->4651M(32768M) 140.994ms
[175.478s][debug  ][semeru     ] Finish Evac Local!
[175.478s][debug  ][semeru     ] Finish Evac Remote!
[175.478s][debug  ][semeru     ] _evacuation_finished: 1
[175.979s][info   ][gc,start   ] GC(9) Pause Final Evac
HEAP used: 0x122b0be78, calc_used: 0x122b0be78
[175.979s][debug  ][semeru     ] WholeHeapAlive: 555 MB
[175.979s][info   ][gc         ] GC(9) Pause Final Evac 0.428ms
[175.980s][info   ][gc,start   ] GC(9) Concurrent cleanup
[175.980s][info   ][gc         ] GC(9) Concurrent cleanup 4629M->572M(32768M) 0.255ms
[175.980s][info   ][gc,ergo    ] GC(9) Free: 30210M (959 regions), Max regular: 32768K, Max humongous: 26083328K, External frag: 16%, Internal frag: 1%
[175.980s][info   ][gc,ergo    ] GC(9) Evacuation Reserve: 1984M (62 regions), Max regular: 32768K
[175.980s][info   ][gc,ergo    ] Free: 30210M (959 regions), Max regular: 32768K, Max humongous: 26083328K, External frag: 16%, Internal frag: 1%
[175.980s][info   ][gc,ergo    ] Evacuation Reserve: 1984M (62 regions), Max regular: 32768K
[183.401s][info   ][gc         ] Trigger: Free (26214M) is below minimum threshold (26214M)
[183.401s][info   ][gc,ergo    ] Free: 26214M (833 regions), Max regular: 32768K, Max humongous: 26083328K, External frag: 3%, Internal frag: 1%
[183.401s][info   ][gc,ergo    ] Evacuation Reserve: 1984M (62 regions), Max regular: 32768K
[183.401s][info   ][gc,start   ] GC(10) Concurrent reset
[183.401s][info   ][gc,task    ] GC(10) Using 32 of 32 workers for concurrent reset
[183.405s][info   ][gc         ] GC(10) Concurrent reset 4569M->4570M(32768M) 3.866ms
[183.406s][info   ][gc,start   ] GC(10) Pause Init Mark
[183.406s][info   ][gc,task    ] GC(10) Using 32 of 32 workers for init marking
[183.410s][debug  ][semeru     ] Pause Time for mark roots: 3.392329 ms
[184.473s][debug  ][semeru,rdma] Flushed regions structures to mem servers.
[184.476s][debug  ][semeru,rdma] rootobjqueue start_addr: 0x400030b00000, size: 0x1000000, root_object_queue: 0x400030b01000
[184.477s][debug  ][semeru     ] Root Object Queue Len: 19986
[184.477s][debug  ][semeru,rdma] cpu server flags _should_start_tracing 1
[184.477s][debug  ][semeru,rdma] cpu server flags _tracing_all_finished 0
[184.577s][debug  ][semeru,rdma] cpu server flags start_addr: 0x400030801000, size: 0x6
[184.577s][debug  ][semeru,rdma] cpu server flags _tracing_all_finished 0
[184.738s][debug  ][semeru     ] Memory Server Finishes Marking!
[184.739s][info   ][gc         ] GC(10) Pause Init Mark 1332.722ms
[184.740s][debug  ][semeru     ] CPU Server Finishes Initial Marking!
[184.740s][debug  ][semeru     ] Memory Server Finishes Marking!
[184.740s][debug  ][semeru     ] Memory Server Finishes PreClean!
[184.740s][debug  ][semeru,rdma] Read server: 0 bitmap: 0x400000000000, byte_size: 0x20000000
[184.872s][debug  ][semeru,rdma] Read server: 0 alive_table: 0x400032b00000, byte_size: 0x10000000
[184.942s][info   ][gc,start   ] GC(10) Pause Final Mark
[184.942s][info   ][gc,task    ] GC(10) Using 32 of 32 workers for final marking
[184.942s][debug  ][semeru     ] Pause Time for clear trace buffer: 0.000228 ms
[184.942s][debug  ][semeru,rdma] after clear traced buffer
[184.942s][debug  ][semeru     ] Pause Time for finish marking: 0.006500 ms
[184.942s][debug  ][semeru     ] increase region: 0x81 words: 0x1b7f65
[184.942s][debug  ][semeru     ] increase region: 0x82 words: 0x400000
[184.942s][debug  ][semeru     ] increase region: 0x83 words: 0x3eda84
[184.942s][debug  ][semeru     ] Pause Time for complete liveness: 0.087366 ms
[184.942s][debug  ][semeru     ] Pause Time for retire labs: 0.122680 ms
[184.942s][debug  ][semeru     ] Pause Time for rebuild free set: 0.073739 ms
[184.942s][info   ][gc,ergo    ] GC(10) Adaptive CSet Selection. Target Free: 19333M, Actual Free: 27872M, Max CSet: 1638M, Min Garbage: 0M
[184.945s][info   ][gc,ergo    ] GC(10) Collectable Garbage: 4052M (96% of total), 11M CSet, 127 CSet regions
[184.945s][info   ][gc,ergo    ] GC(10) Immediate Garbage: 32M (0% of total), 1 regions
[184.945s][debug  ][semeru     ] Pause Time for choose cset: 2.259592 ms
[184.945s][debug  ][semeru     ] Pause Time for add collectionset: 0.031740 ms
[184.945s][debug  ][semeru     ] Pause Time before evacuate roots: 0.027042 ms
[184.957s][debug  ][semeru     ] Pause Time during evacuate roots: 11.865838 ms
[184.957s][debug  ][semeru     ] Pause Time after evacuate roots: 0.025914 ms
[184.957s][debug  ][semeru     ] Total Pause Time: 14.500050 ms
[184.961s][debug  ][semeru     ] Pause Time for update roots: 3.875253 ms
[184.961s][debug  ][semeru     ] Finish update roots!
[185.027s][debug  ][semeru,rdma] Flushed collection set to mem servers.
[185.911s][debug  ][semeru,rdma] Flushed regions in collection set to mem servers.
[185.911s][debug  ][semeru,rdma] Write server: 0 bitmap: 0x400000000000, byte_size: 0x20000000
[186.027s][debug  ][semeru,rdma] cpu server flags start_addr: 0x400030801000, size: 0x1000
[186.027s][info   ][gc         ] GC(10) Pause Final Mark 1084.721ms
[186.027s][debug  ][semeru     ] CPU Server Finishes Final Marking!
[186.027s][info   ][gc,start   ] GC(10) Concurrent evacuation
[186.027s][info   ][gc,task    ] GC(10) Using 32 of 32 workers for concurrent evacuation
[186.149s][info   ][gc         ] GC(10) Concurrent evacuation 4660M->4660M(32768M) 121.550ms
[186.149s][debug  ][semeru     ] Finish Evac Local!
[186.149s][debug  ][semeru     ] Finish Evac Remote!
[186.149s][debug  ][semeru     ] _evacuation_finished: 1
[186.650s][info   ][gc,start   ] GC(10) Pause Final Evac
HEAP used: 0x123440188, calc_used: 0x123440188
[186.650s][debug  ][semeru     ] WholeHeapAlive: 564 MB
[186.650s][info   ][gc         ] GC(10) Pause Final Evac 0.456ms
[186.651s][info   ][gc,start   ] GC(10) Concurrent cleanup
[186.651s][info   ][gc         ] GC(10) Concurrent cleanup 4632M->572M(32768M) 0.197ms
[186.651s][info   ][gc,ergo    ] GC(10) Free: 30211M (960 regions), Max regular: 32768K, Max humongous: 26050560K, External frag: 16%, Internal frag: 1%
[186.651s][info   ][gc,ergo    ] GC(10) Evacuation Reserve: 1984M (62 regions), Max regular: 32768K
[186.651s][info   ][gc,ergo    ] Free: 30211M (960 regions), Max regular: 32768K, Max humongous: 26050560K, External frag: 16%, Internal frag: 1%
[186.651s][info   ][gc,ergo    ] Evacuation Reserve: 1984M (62 regions), Max regular: 32768K
Completed 8192 trade sessions comprising 143773 trader actions
	Home .................... 26956 (18.7%)
	Portfolio ............... 12122 ( 8.4%)
	Quote ................... 60717 (42.2%)
	Buy ..................... 12100 ( 8.4%)
	Sell .................... 12190 ( 8.5%)
	Update ..................  2036 ( 1.4%)
	Register ................   634 ( 0.4%)
	Login ...................  8192 ( 5.7%)
	Logout ..................  8826 ( 6.1%)
Shutting down Geronimo...
[189.503s][info   ][gc         ] Cancelling GC: Stopping VM
[189.504s][info   ][gc,heap,exit] Heap
[189.504s][info   ][gc,heap,exit] Shenandoah Heap
[189.504s][info   ][gc,heap,exit]  33554432K total, 33554432K committed, 2028636K used
[189.504s][info   ][gc,heap,exit]  1024 x 32768K regions
[189.504s][info   ][gc,heap,exit] Status: cancelled
[189.504s][info   ][gc,heap,exit] Reserved region:
[189.504s][info   ][gc,heap,exit]  - [0x0000400200000000, 0x0000400a00000000) 
[189.504s][info   ][gc,heap,exit] Collection set:
[189.504s][info   ][gc,heap,exit]  - map (vanilla): 0x00007f7554efd100
[189.504s][info   ][gc,heap,exit]  - map (biased):  0x00007f7554cfd000
[189.504s][info   ][gc,heap,exit] 
[189.504s][info   ][gc,heap,exit]  Metaspace       used 66707K, capacity 68824K, committed 68864K, reserved 69632K
[189.504s][info   ][gc,stats    ] 
[189.504s][info   ][gc,stats    ] GC STATISTICS:
[189.504s][info   ][gc,stats    ]   "(G)" (gross) pauses include VM time: time to notify and block threads, do the pre-
[189.504s][info   ][gc,stats    ]         and post-safepoint housekeeping. Use -XX:+PrintSafepointStatistics to dissect.
[189.504s][info   ][gc,stats    ]   "(N)" (net) pauses are the times spent in the actual GC code.
[189.504s][info   ][gc,stats    ]   "a" is average time for each phase, look at levels to see if average makes sense.
[189.504s][info   ][gc,stats    ]   "lvls" are quantiles: 0% (minimum), 25%, 50% (median), 75%, 100% (maximum).
[189.504s][info   ][gc,stats    ] 
[189.504s][info   ][gc,stats    ] Total Pauses (G)            =    26.81 s (a =   812472 us) (n =    33) (lvls, us =     1230,     2188,  1113281,  1269531,  1339992)
[189.504s][info   ][gc,stats    ] Total Pauses (N)            =    26.76 s (a =   810769 us) (n =    33) (lvls, us =      449,      547,  1113281,  1269531,  1338750)
[189.504s][info   ][gc,stats    ] Pause Init Mark (G)         =    14.27 s (a =  1296872 us) (n =    11) (lvls, us =  1210938,  1250000,  1289062,  1308594,  1335614)
[189.504s][info   ][gc,stats    ] Pause Init Mark (N)         =    14.24 s (a =  1294666 us) (n =    11) (lvls, us =  1210938,  1250000,  1289062,  1308594,  1333748)
[189.504s][info   ][gc,stats    ]   Make Parsable             =     0.00 s (a =      183 us) (n =    11) (lvls, us =      131,      156,      172,      184,      255)
[189.504s][info   ][gc,stats    ]   Clear Liveness            =     0.00 s (a =       92 us) (n =    11) (lvls, us =       70,       70,       94,      104,      112)
[189.504s][info   ][gc,stats    ]   Scan Roots                =     0.05 s (a =     4516 us) (n =    11) (lvls, us =     3379,     3711,     4277,     4648,     6573)
[189.504s][info   ][gc,stats    ]     S: Thread Roots         =     0.00 s (a =      267 us) (n =    11) (lvls, us =      107,      133,      168,      182,     1266)
[189.504s][info   ][gc,stats    ]     S: Code Cache Roots     =     0.00 s (a =       43 us) (n =    11) (lvls, us =       33,       37,       41,       45,       60)
[189.504s][info   ][gc,stats    ]     S: Universe Roots       =     0.00 s (a =      169 us) (n =    11) (lvls, us =        7,        8,        9,       26,     1711)
[189.504s][info   ][gc,stats    ]     S: JNI Roots            =     0.00 s (a =      329 us) (n =    11) (lvls, us =        2,        6,        9,       18,     1895)
[189.504s][info   ][gc,stats    ]     S: Synchronizer Roots   =     0.00 s (a =        0 us) (n =    11) (lvls, us =        0,        0,        0,        0,        0)
[189.504s][info   ][gc,stats    ]     S: Management Roots     =     0.00 s (a =      157 us) (n =    11) (lvls, us =        3,        6,        7,        8,     1630)
[189.504s][info   ][gc,stats    ]     S: System Dict Roots    =     0.00 s (a =       29 us) (n =    11) (lvls, us =       17,       18,       24,       33,       45)
[189.504s][info   ][gc,stats    ]     S: CLDG Roots           =     0.01 s (a =      854 us) (n =    11) (lvls, us =      482,      490,      615,      928,     1746)
[189.504s][info   ][gc,stats    ]     S: JVMTI Roots          =     0.00 s (a =        2 us) (n =    11) (lvls, us =        0,        1,        1,        1,        9)
[189.504s][info   ][gc,stats    ]   Resize TLABs              =     0.00 s (a =       52 us) (n =    11) (lvls, us =       40,       41,       47,       59,       76)
[189.504s][info   ][gc,stats    ] Pause Final Mark (G)        =    12.53 s (a =  1138661 us) (n =    11) (lvls, us =  1074219,  1074219,  1113281,  1132812,  1339981)
[189.504s][info   ][gc,stats    ] Pause Final Mark (N)        =    12.51 s (a =  1137069 us) (n =    11) (lvls, us =  1074219,  1074219,  1113281,  1132812,  1338739)
[189.504s][info   ][gc,stats    ]   Complete Liveness         =     0.00 s (a =       80 us) (n =    11) (lvls, us =       58,       59,       65,       77,      195)
[189.504s][info   ][gc,stats    ]   Prepare Evacuation        =     0.03 s (a =     2360 us) (n =    11) (lvls, us =     1484,     1602,     2461,     2578,     3485)
[189.504s][info   ][gc,stats    ]   Initial Evacuation        =    12.48 s (a =  1134484 us) (n =    11) (lvls, us =  1074219,  1074219,  1113281,  1113281,  1335906)
[189.504s][info   ][gc,stats    ]     E: Thread Roots         =     0.02 s (a =     1436 us) (n =    11) (lvls, us =      234,      621,     1348,     2051,     2206)
[189.504s][info   ][gc,stats    ]     E: Code Cache Roots     =     0.00 s (a =       26 us) (n =    11) (lvls, us =       12,       13,       14,       17,      114)
[189.504s][info   ][gc,stats    ]     E: Universe Roots       =     0.00 s (a =       11 us) (n =    11) (lvls, us =        3,        3,        4,        4,       49)
[189.504s][info   ][gc,stats    ]     E: JNI Roots            =     0.00 s (a =        7 us) (n =    11) (lvls, us =        2,        2,        3,        4,       33)
[189.504s][info   ][gc,stats    ]     E: JVMTI Weak Roots     =     0.00 s (a =        2 us) (n =    11) (lvls, us =        1,        1,        1,        1,       10)
[189.504s][info   ][gc,stats    ]     E: JFR Weak Roots       =     0.00 s (a =        0 us) (n =    11) (lvls, us =        0,        0,        0,        0,        1)
[189.504s][info   ][gc,stats    ]     E: JNI Weak Roots       =     0.00 s (a =        1 us) (n =    11) (lvls, us =        0,        0,        1,        1,        1)
[189.504s][info   ][gc,stats    ]     E: String Table Roots   =     0.03 s (a =     2759 us) (n =    11) (lvls, us =     1855,     1914,     2598,     3242,     3821)
[189.504s][info   ][gc,stats    ]     E: Resolved Table Roots =     0.00 s (a =       66 us) (n =    11) (lvls, us =       35,       52,       68,       74,       81)
[189.504s][info   ][gc,stats    ]     E: VM Weak Roots        =     0.00 s (a =       78 us) (n =    11) (lvls, us =       10,       60,       80,       93,      103)
[189.504s][info   ][gc,stats    ]     E: Synchronizer Roots   =     0.00 s (a =        0 us) (n =    11) (lvls, us =        0,        0,        0,        0,        0)
[189.504s][info   ][gc,stats    ]     E: Management Roots     =     0.00 s (a =        5 us) (n =    11) (lvls, us =        1,        2,        2,        4,       25)
[189.504s][info   ][gc,stats    ]     E: System Dict Roots    =     0.00 s (a =       23 us) (n =    11) (lvls, us =        7,        8,       12,       20,       75)
[189.504s][info   ][gc,stats    ]     E: CLDG Roots           =     0.02 s (a =     1668 us) (n =    11) (lvls, us =     1133,     1191,     1660,     1855,     2163)
[189.504s][info   ][gc,stats    ]     E: JVMTI Roots          =     0.00 s (a =        1 us) (n =    11) (lvls, us =        0,        1,        1,        1,        1)
[189.505s][info   ][gc,stats    ] Pause Final Evac (G)        =     0.02 s (a =     1869 us) (n =    11) (lvls, us =     1230,     1230,     1641,     2168,     2615)
[189.505s][info   ][gc,stats    ] Pause Final Evac (N)        =     0.01 s (a =      536 us) (n =    11) (lvls, us =      432,      447,      514,      525,      906)
[189.505s][info   ][gc,stats    ] Concurrent Reset            =     0.05 s (a =     4830 us) (n =    11) (lvls, us =      225,     3887,     5352,     5664,     6083)
[189.505s][info   ][gc,stats    ] Concurrent Evacuation       =     1.79 s (a =   162533 us) (n =    11) (lvls, us =    79297,   103516,   140625,   177734,   295974)
[189.505s][info   ][gc,stats    ] Concurrent Cleanup          =     0.00 s (a =      232 us) (n =    11) (lvls, us =      209,      211,      215,      230,      290)
[189.505s][info   ][gc,stats    ] 
[189.505s][info   ][gc,stats    ] 
[189.505s][info   ][gc,stats    ] Under allocation pressure, concurrent cycles may cancel, and either continue cycle
[189.505s][info   ][gc,stats    ] under stop-the-world pause or result in stop-the-world Full GC. Increase heap size,
[189.505s][info   ][gc,stats    ] tune GC heuristics, set more aggressive pacing delay, or lower allocation rate
[189.505s][info   ][gc,stats    ] to avoid Degenerated and Full GC cycles.
[189.505s][info   ][gc,stats    ] 
[189.505s][info   ][gc,stats    ]    11 successful concurrent GCs
[189.505s][info   ][gc,stats    ]       0 invoked explicitly
[189.505s][info   ][gc,stats    ]       0 invoked implicitly
[189.505s][info   ][gc,stats    ] 
[189.505s][info   ][gc,stats    ]     0 Degenerated GCs
[189.505s][info   ][gc,stats    ]       0 caused by allocation failure
[189.505s][info   ][gc,stats    ]       0 upgraded to Full GC
[189.505s][info   ][gc,stats    ] 
[189.505s][info   ][gc,stats    ]     0 Full GCs
[189.505s][info   ][gc,stats    ]       0 invoked explicitly
[189.505s][info   ][gc,stats    ]       0 invoked implicitly
[189.505s][info   ][gc,stats    ]       0 caused by allocation failure
[189.505s][info   ][gc,stats    ]       0 upgraded from Degenerated GC
[189.505s][info   ][gc,stats    ] 
[189.505s][info   ][gc,stats    ] 
[189.505s][info   ][gc,stats    ] 
[189.505s][info   ][gc,stats    ] 
[189.505s][info   ][gc,stats    ]   Allocation tracing is disabled, use -XX:+ShenandoahAllocationTrace to enable.
